Archive member included to satisfy reference by file (symbol)

C:/ST/STM32CubeIDE_1.19.0/STM32CubeIDE/plugins/com.st.stm32cube.ide.mcu.externaltools.gnu-tools-for-stm32.13.3.rel1.win32_1.0.0.202411081344/tools/bin/../lib/gcc/arm-none-eabi/13.3.1/../../../../arm-none-eabi/lib/thumb/v6-m/nofp\libc_nano.a(libc_a-atoi.o)
                              ./Core/Src/uart_command_handler.o (atoi)
C:/ST/STM32CubeIDE_1.19.0/STM32CubeIDE/plugins/com.st.stm32cube.ide.mcu.externaltools.gnu-tools-for-stm32.13.3.rel1.win32_1.0.0.202411081344/tools/bin/../lib/gcc/arm-none-eabi/13.3.1/../../../../arm-none-eabi/lib/thumb/v6-m/nofp\libc_nano.a(libc_a-exit.o)
                              C:/ST/STM32CubeIDE_1.19.0/STM32CubeIDE/plugins/com.st.stm32cube.ide.mcu.externaltools.gnu-tools-for-stm32.13.3.rel1.win32_1.0.0.202411081344/tools/bin/../lib/gcc/arm-none-eabi/13.3.1/../../../../arm-none-eabi/lib/thumb/v6-m/nofp/crt0.o (exit)
C:/ST/STM32CubeIDE_1.19.0/STM32CubeIDE/plugins/com.st.stm32cube.ide.mcu.externaltools.gnu-tools-for-stm32.13.3.rel1.win32_1.0.0.202411081344/tools/bin/../lib/gcc/arm-none-eabi/13.3.1/../../../../arm-none-eabi/lib/thumb/v6-m/nofp\libc_nano.a(libc_a-strtol.o)
                              C:/ST/STM32CubeIDE_1.19.0/STM32CubeIDE/plugins/com.st.stm32cube.ide.mcu.externaltools.gnu-tools-for-stm32.13.3.rel1.win32_1.0.0.202411081344/tools/bin/../lib/gcc/arm-none-eabi/13.3.1/../../../../arm-none-eabi/lib/thumb/v6-m/nofp\libc_nano.a(libc_a-atoi.o) (_strtol_r)
C:/ST/STM32CubeIDE_1.19.0/STM32CubeIDE/plugins/com.st.stm32cube.ide.mcu.externaltools.gnu-tools-for-stm32.13.3.rel1.win32_1.0.0.202411081344/tools/bin/../lib/gcc/arm-none-eabi/13.3.1/../../../../arm-none-eabi/lib/thumb/v6-m/nofp\libc_nano.a(libc_a-ctype_.o)
                              C:/ST/STM32CubeIDE_1.19.0/STM32CubeIDE/plugins/com.st.stm32cube.ide.mcu.externaltools.gnu-tools-for-stm32.13.3.rel1.win32_1.0.0.202411081344/tools/bin/../lib/gcc/arm-none-eabi/13.3.1/../../../../arm-none-eabi/lib/thumb/v6-m/nofp\libc_nano.a(libc_a-strtol.o) (_ctype_)
C:/ST/STM32CubeIDE_1.19.0/STM32CubeIDE/plugins/com.st.stm32cube.ide.mcu.externaltools.gnu-tools-for-stm32.13.3.rel1.win32_1.0.0.202411081344/tools/bin/../lib/gcc/arm-none-eabi/13.3.1/../../../../arm-none-eabi/lib/thumb/v6-m/nofp\libc_nano.a(libc_a-findfp.o)
                              C:/ST/STM32CubeIDE_1.19.0/STM32CubeIDE/plugins/com.st.stm32cube.ide.mcu.externaltools.gnu-tools-for-stm32.13.3.rel1.win32_1.0.0.202411081344/tools/bin/../lib/gcc/arm-none-eabi/13.3.1/../../../../arm-none-eabi/lib/thumb/v6-m/nofp\libc_nano.a(libc_a-exit.o) (__stdio_exit_handler)
C:/ST/STM32CubeIDE_1.19.0/STM32CubeIDE/plugins/com.st.stm32cube.ide.mcu.externaltools.gnu-tools-for-stm32.13.3.rel1.win32_1.0.0.202411081344/tools/bin/../lib/gcc/arm-none-eabi/13.3.1/../../../../arm-none-eabi/lib/thumb/v6-m/nofp\libc_nano.a(libc_a-fwalk.o)
                              C:/ST/STM32CubeIDE_1.19.0/STM32CubeIDE/plugins/com.st.stm32cube.ide.mcu.externaltools.gnu-tools-for-stm32.13.3.rel1.win32_1.0.0.202411081344/tools/bin/../lib/gcc/arm-none-eabi/13.3.1/../../../../arm-none-eabi/lib/thumb/v6-m/nofp\libc_nano.a(libc_a-findfp.o) (_fwalk_sglue)
C:/ST/STM32CubeIDE_1.19.0/STM32CubeIDE/plugins/com.st.stm32cube.ide.mcu.externaltools.gnu-tools-for-stm32.13.3.rel1.win32_1.0.0.202411081344/tools/bin/../lib/gcc/arm-none-eabi/13.3.1/../../../../arm-none-eabi/lib/thumb/v6-m/nofp\libc_nano.a(libc_a-printf.o)
                              ./Core/Src/uart_command_handler.o (printf)
C:/ST/STM32CubeIDE_1.19.0/STM32CubeIDE/plugins/com.st.stm32cube.ide.mcu.externaltools.gnu-tools-for-stm32.13.3.rel1.win32_1.0.0.202411081344/tools/bin/../lib/gcc/arm-none-eabi/13.3.1/../../../../arm-none-eabi/lib/thumb/v6-m/nofp\libc_nano.a(libc_a-puts.o)
                              ./Core/Src/uart_command_handler.o (puts)
C:/ST/STM32CubeIDE_1.19.0/STM32CubeIDE/plugins/com.st.stm32cube.ide.mcu.externaltools.gnu-tools-for-stm32.13.3.rel1.win32_1.0.0.202411081344/tools/bin/../lib/gcc/arm-none-eabi/13.3.1/../../../../arm-none-eabi/lib/thumb/v6-m/nofp\libc_nano.a(libc_a-snprintf.o)
                              ./Core/Src/command_manager.o (snprintf)
C:/ST/STM32CubeIDE_1.19.0/STM32CubeIDE/plugins/com.st.stm32cube.ide.mcu.externaltools.gnu-tools-for-stm32.13.3.rel1.win32_1.0.0.202411081344/tools/bin/../lib/gcc/arm-none-eabi/13.3.1/../../../../arm-none-eabi/lib/thumb/v6-m/nofp\libc_nano.a(libc_a-stdio.o)
                              C:/ST/STM32CubeIDE_1.19.0/STM32CubeIDE/plugins/com.st.stm32cube.ide.mcu.externaltools.gnu-tools-for-stm32.13.3.rel1.win32_1.0.0.202411081344/tools/bin/../lib/gcc/arm-none-eabi/13.3.1/../../../../arm-none-eabi/lib/thumb/v6-m/nofp\libc_nano.a(libc_a-findfp.o) (__sread)
C:/ST/STM32CubeIDE_1.19.0/STM32CubeIDE/plugins/com.st.stm32cube.ide.mcu.externaltools.gnu-tools-for-stm32.13.3.rel1.win32_1.0.0.202411081344/tools/bin/../lib/gcc/arm-none-eabi/13.3.1/../../../../arm-none-eabi/lib/thumb/v6-m/nofp\libc_nano.a(libc_a-wbuf.o)
[...]
Memory Configuration

Name             Origin             Length             Attributes
RAM              0x20000000         0x00002000         xrw
FLASH            0x08000000         0x00010000         xr
*default*        0x00000000         0xffffffff

Linker script and memory map

LOAD C:/ST/STM32CubeIDE_1.19.0/STM32CubeIDE/plugins/com.st.stm32cube.ide.mcu.externaltools.gnu-tools-for-stm32.13.3.rel1.win32_1.0.0.202411081344/tools/bin/../lib/gcc/arm-none-eabi/13.3.1/thumb/v6-m/nofp/crti.o
LOAD C:/ST/STM32CubeIDE_1.19.0/STM32CubeIDE/plugins/com.st.stm32cube.ide.mcu.externaltools.gnu-tools-for-stm32.13.3.rel1.win32_1.0.0.202411081344/tools/bin/../lib/gcc/arm-none-eabi/13.3.1/thumb/v6-m/nofp/crtbegin.o
LOAD C:/ST/STM32CubeIDE_1.19.0/STM32CubeIDE/plugins/com.st.stm32cube.ide.mcu.externaltools.gnu-tools-for-stm32.13.3.rel1.win32_1.0.0.202411081344/tools/bin/../lib/gcc/arm-none-eabi/13.3.1/../../../../arm-none-eabi/lib/thumb/v6-m/nofp/crt0.o
LOAD ./Core/Src/button_manager.o
LOAD ./Core/Src/command_manager.o
LOAD ./Core/Src/eeprom.o
LOAD ./Core/Src/freertos.o
LOAD ./Core/Src/gesture.o
LOAD ./Core/Src/globals.o
LOAD ./Core/Src/input_manager.o
LOAD ./Core/Src/lcd.o
LOAD ./Core/Src/main.o
LOAD ./Core/Src/screen1.o
LOAD ./Core/Src/screen2.o
LOAD ./Core/Src/stm32f0xx_hal_msp.o
LOAD ./Core/Src/stm32f0xx_it.o
LOAD ./Core/Src/syscalls.o
LOAD ./Core/Src/sysmem.o
LOAD ./Core/Src/system_stm32f0xx.o
LOAD ./Core/Src/uart.o
LOAD ./Core/Src/uart_command_handler.o
LOAD ./Core/Startup/startup_stm32f030c8tx.o
LOAD ./Drivers/STM32F0xx_HAL_Driver/Src/stm32f0xx_hal.o
LOAD ./Drivers/STM32F0xx_HAL_Driver/Src/stm32f0xx_hal_cortex.o
LOAD ./Drivers/STM32F0xx_HAL_Driver/Src/stm32f0xx_hal_dma.o
LOAD ./Drivers/STM32F0xx_HAL_Driver/Src/stm32f0xx_hal_exti.o
LOAD ./Drivers/STM32F0xx_HAL_Driver/Src/stm32f0xx_hal_flash.o
LOAD ./Drivers/STM32F0xx_HAL_Driver/Src/stm32f0xx_hal_flash_ex.o
LOAD ./Drivers/STM32F0xx_HAL_Driver/Src/stm32f0xx_hal_gpio.o
LOAD ./Drivers/STM32F0xx_HAL_Driver/Src/stm32f0xx_hal_i2c.o
LOAD ./Drivers/STM32F0xx_HAL_Driver/Src/stm32f0xx_hal_i2c_ex.o
LOAD ./Drivers/STM32F0xx_HAL_Driver/Src/stm32f0xx_hal_pwr.o
LOAD ./Drivers/STM32F0xx_HAL_Driver/Src/stm32f0xx_hal_pwr_ex.o
LOAD ./Drivers/STM32F0xx_HAL_Driver/Src/stm32f0xx_hal_rcc.o
LOAD ./Drivers/STM32F0xx_HAL_Driver/Src/stm32f0xx_hal_rcc_ex.o
LOAD ./Drivers/STM32F0xx_HAL_Driver/Src/stm32f0xx_hal_uart.o
LOAD ./Drivers/STM32F0xx_HAL_Driver/Src/stm32f0xx_hal_uart_ex.o
LOAD ./Middlewares/Third_Party/FreeRTOS/Source/CMSIS_RTOS_V2/cmsis_os2.o
LOAD ./Middlewares/Third_Party/FreeRTOS/Source/croutine.o
LOAD ./Middlewares/Third_Party/FreeRTOS/Source/event_groups.o
LOAD ./Middlewares/Third_Party/FreeRTOS/Source/list.o
LOAD ./Middlewares/Third_Party/FreeRTOS/Source/queue.o
LOAD ./Middlewares/Third_Party/FreeRTOS/Source/stream_buffer.o
LOAD ./Middlewares/Third_Party/FreeRTOS/Source/tasks.o
LOAD ./Middlewares/Third_Party/FreeRTOS/Source/timers.o
LOAD ./Middlewares/Third_Party/FreeRTOS/Source/portable/GCC/ARM_CM0/port.o
LOAD ./Middlewares/Third_Party/FreeRTOS/Source/portable/MemMang/heap_4.o
START GROUP
LOAD C:/ST/STM32CubeIDE_1.19.0/STM32CubeIDE/plugins/com.st.stm32cube.ide.mcu.externaltools.gnu-tools-for-stm32.13.3.rel1.win32_1.0.0.202411081344/tools/bin/../lib/gcc/arm-none-eabi/13.3.1/../../../../arm-none-eabi/lib/thumb/v6-m/nofp\libc_nano.a
LOAD C:/ST/STM32CubeIDE_1.19.0/STM32CubeIDE/plugins/com.st.stm32cube.ide.mcu.externaltools.gnu-tools-for-stm32.13.3.rel1.win32_1.0.0.202411081344/tools/bin/../lib/gcc/arm-none-eabi/13.3.1/../../../../arm-none-eabi/lib/thumb/v6-m/nofp\libm.a
END GROUP
START GROUP
LOAD C:/ST/STM32CubeIDE_1.19.0/STM32CubeIDE/plugins/com.st.stm32cube.ide.mcu.externaltools.gnu-tools-for-stm32.13.3.rel1.win32_1.0.0.202411081344/tools/bin/../lib/gcc/arm-none-eabi/13.3.1/thumb/v6-m/nofp\libgcc.a
LOAD C:/ST/STM32CubeIDE_1.19.0/STM32CubeIDE/plugins/com.st.stm32cube.ide.mcu.externaltools.gnu-tools-for-stm32.13.3.rel1.win32_1.0.0.202411081344/tools/bin/../lib/gcc/arm-none-eabi/13.3.1/../../../../arm-none-eabi/lib/thumb/v6-m/nofp\libc_nano.a
END GROUP
START GROUP
LOAD C:/ST/STM32CubeIDE_1.19.0/STM32CubeIDE/plugins/com.st.stm32cube.ide.mcu.externaltools.gnu-tools-for-stm32.13.3.rel1.win32_1.0.0.202411081344/tools/bin/../lib/gcc/arm-none-eabi/13.3.1/thumb/v6-m/nofp\libgcc.a
LOAD C:/ST/STM32CubeIDE_1.19.0/STM32CubeIDE/plugins/com.st.stm32cube.ide.mcu.externaltools.gnu-tools-for-stm32.13.3.rel1.win32_1.0.0.202411081344/tools/bin/../lib/gcc/arm-none-eabi/13.3.1/../../../../arm-none-eabi/lib/thumb/v6-m/nofp\libc_nano.a
LOAD C:/ST/STM32CubeIDE_1.19.0/STM32CubeIDE/plugins/com.st.stm32cube.ide.mcu.externaltools.gnu-tools-for-stm32.13.3.rel1.win32_1.0.0.202411081344/tools/bin/../lib/gcc/arm-none-eabi/13.3.1/../../../../arm-none-eabi/lib/thumb/v6-m/nofp\libnosys.a
END GROUP
START GROUP
LOAD C:/ST/STM32CubeIDE_1.19.0/STM32CubeIDE/plugins/com.st.stm32cube.ide.mcu.externaltools.gnu-tools-for-stm32.13.3.rel1.win32_1.0.0.202411081344/tools/bin/../lib/gcc/arm-none-eabi/13.3.1/thumb/v6-m/nofp\libgcc.a
LOAD C:/ST/STM32CubeIDE_1.19.0/STM32CubeIDE/plugins/com.st.stm32cube.ide.mcu.externaltools.gnu-tools-for-stm32.13.3.rel1.win32_1.0.0.202411081344/tools/bin/../lib/gcc/arm-none-eabi/13.3.1/../../../../arm-none-eabi/lib/thumb/v6-m/nofp\libc_nano.a
LOAD C:/ST/STM32CubeIDE_1.19.0/STM32CubeIDE/plugins/com.st.stm32cube.ide.mcu.externaltools.gnu-tools-for-stm32.13.3.rel1.win32_1.0.0.202411081344/tools/bin/../lib/gcc/arm-none-eabi/13.3.1/../../../../arm-none-eabi/lib/thumb/v6-m/nofp\libnosys.a
END GROUP
LOAD C:/ST/STM32CubeIDE_1.19.0/STM32CubeIDE/plugins/com.st.stm32cube.ide.mcu.externaltools.gnu-tools-for-stm32.13.3.rel1.win32_1.0.0.202411081344/tools/bin/../lib/gcc/arm-none-eabi/13.3.1/thumb/v6-m/nofp/crtend.o
LOAD C:/ST/STM32CubeIDE_1.19.0/STM32CubeIDE/plugins/com.st.stm32cube.ide.mcu.externaltools.gnu-tools-for-stm32.13.3.rel1.win32_1.0.0.202411081344/tools/bin/../lib/gcc/arm-none-eabi/13.3.1/thumb/v6-m/nofp/crtn.o
                0x20002000                        _estack = (ORIGIN (RAM) + LENGTH (RAM))
                0x00000200                        _Min_Heap_Size = 0x200
                0x00000400                        _Min_Stack_Size = 0x400

.isr_vector     0x08000000       0xc0
                0x08000000                        . = ALIGN (0x4)
 *(.isr_vector)
 .isr_vector    0x08000000       0xc0 ./Core/Startup/startup_stm32f030c8tx.o
                0x08000000                g_pfnVectors
                0x080000c0                        . = ALIGN (0x4)

.text           0x080000c0     0x96cc
                0x080000c0                        . = ALIGN (0x4)
 *(.text)
 .text          0x080000c0       0x48 C:/ST/STM32CubeIDE_1.19.0/STM32CubeIDE/plugins/com.st.stm32cube.ide.mcu.externaltools.gnu-tools-for-stm32.13.3.rel1.win32_1.0.0.202411081344/tools/bin/../lib/gcc/arm-none-eabi/13.3.1/thumb/v6-m/nofp/crtbegin.o
 .text          0x08000108        0xe C:/ST/STM32CubeIDE_1.19.0/STM32CubeIDE/plugins/com.st.stm32cube.ide.mcu.externaltools.gnu-tools-for-stm32.13.3.rel1.win32_1.0.0.202411081344/tools/bin/../lib/gcc/arm-none-eabi/13.3.1/../../../../arm-none-eabi/lib/thumb/v6-m/nofp\libc_nano.a(libc_a-strlen.o)
                0x08000108                strlen
 *fill*         0x08000116        0x2 
 .text          0x08000118       0x14 C:/ST/STM32CubeIDE_1.19.0/STM32CubeIDE/plugins/com.st.stm32cube.ide.mcu.externaltools.gnu-tools-for-stm32.13.3.rel1.win32_1.0.0.202411081344/tools/bin/../lib/gcc/arm-none-eabi/13.3.1/thumb/v6-m/nofp\libgcc.a(_thumb1_case_shi.o)
                0x08000118                __gnu_thumb1_case_shi
 .text          0x0800012c      0x114 C:/ST/STM32CubeIDE_1.19.0/STM32CubeIDE/plugins/com.st.stm32cube.ide.mcu.externaltools.gnu-tools-for-stm32.13.3.rel1.win32_1.0.0.202411081344/tools/bin/../lib/gcc/arm-none-eabi/13.3.1/thumb/v6-m/nofp\libgcc.a(_udivsi3.o)
                0x0800012c                __aeabi_uidiv
                0x0800012c                __udivsi3
                0x08000238                __aeabi_uidivmod
 .text          0x08000240      0x1d4 C:/ST/STM32CubeIDE_1.19.0/STM32CubeIDE/plugins/com.st.stm32cube.ide.mcu.externaltools.gnu-tools-for-stm32.13.3.rel1.win32_1.0.0.202411081344/tools/bin/../lib/gcc/arm-none-eabi/13.3.1/thumb/v6-m/nofp\libgcc.a(_divsi3.o)
                0x08000240                __divsi3
                0x08000240                __aeabi_idiv
                0x0800040c                __aeabi_idivmod
 .text          0x08000414        0x4 C:/ST/STM32CubeIDE_1.19.0/STM32CubeIDE/plugins/com.st.stm32cube.ide.mcu.externaltools.gnu-tools-for-stm32.13.3.rel1.win32_1.0.0.202411081344/tools/bin/../lib/gcc/arm-none-eabi/13.3.1/thumb/v6-m/nofp\libgcc.a(_dvmd_tls.o)
                0x08000414                __aeabi_idiv0
                0x08000414                __aeabi_ldiv0
 *(.text*)
 .text.ButtonManager_Init
                0x08000418       0x1c ./Core/Src/button_manager.o
                0x08000418                ButtonManager_Init
 .text.ButtonManager_HandleInterrupt
                0x08000434       0xe4 ./Core/Src/button_manager.o
                0x08000434                ButtonManager_HandleInterrupt
 .text.send_command
                0x08000518       0x34 ./Core/Src/command_manager.o
                0x08000518                send_command
 .text.send_intensity_command
                0x0800054c       0x50 ./Core/Src/command_manager.o
                0x0800054c                send_intensity_command
 .text.send_color_command
                0x0800059c       0x78 ./Core/Src/command_manager.o
                0x0800059c                send_color_command
 .text.send_lamp_command
                0x08000614       0x30 ./Core/Src/command_manager.o
                0x08000614                send_lamp_command
 .text.send_endo_command
                0x08000644       0x30 ./Core/Src/command_manager.o
                0x08000644                send_endo_command
 .text.send_cam_command
                0x08000674       0x30 ./Core/Src/command_manager.o
                0x08000674                send_cam_command
 .text.send_depth_command
                0x080006a4       0x30 ./Core/Src/command_manager.o
                0x080006a4                send_depth_command
 .text.send_focus_command
                0x080006d4       0x84 ./Core/Src/command_manager.o
                0x080006d4                send_focus_command
 .text.init_gesture
                0x08000758      0x188 ./Core/Src/gesture.o
                0x08000758                init_gesture
 .text.gestureFIFOAvailable
                0x080008e0       0x44 ./Core/Src/gesture.o
                0x080008e0                gestureFIFOAvailable
 .text.readGesture
                0x08000924       0x40 ./Core/Src/gesture.o
                0x08000924                readGesture
 .text.handleGesture
                0x08000964      0x244 ./Core/Src/gesture.o
                0x08000964                handleGesture
 .text.gestureAvailable
                0x08000ba8       0xa8 ./Core/Src/gesture.o
                0x08000ba8                gestureAvailable
 .text.write8   0x08000c50       0x4c ./Core/Src/gesture.o
                0x08000c50                write8
 .text.read8    0x08000c9c       0x4c ./Core/Src/gesture.o
                0x08000c9c                read8
 .text.update_cursor
                0x08000ce8       0x5c ./Core/Src/input_manager.o
                0x08000ce8                update_cursor
 .text.enqueue_event
                0x08000d44       0x6c ./Core/Src/input_manager.o
                0x08000d44                enqueue_event
 .text.dequeue_event
                0x08000db0       0x6c ./Core/Src/input_manager.o
                0x08000db0                dequeue_event
 .text.process_input_events
                0x08000e1c       0x4c ./Core/Src/input_manager.o
                0x08000e1c                process_input_events
 .text.handle_input
                0x08000e68       0x44 ./Core/Src/input_manager.o
                0x08000e68                handle_input
 .text.display_uptime_and_return
                0x08000eac       0xc8 ./Core/Src/input_manager.o
                0x08000eac                display_uptime_and_return
 .text.LCD_Init
                0x08000f74       0x4a ./Core/Src/lcd.o
                0x08000f74                LCD_Init
 .text.LCD_Clear
                0x08000fbe       0x16 ./Core/Src/lcd.o
                0x08000fbe                LCD_Clear
 .text.LCD_SetCursor
                0x08000fd4       0x6a ./Core/Src/lcd.o
                0x08000fd4                LCD_SetCursor
 .text.LCD_WriteChar
                0x0800103e       0x1e ./Core/Src/lcd.o
                0x0800103e                LCD_WriteChar
 .text.LCD_WriteString
                0x0800105c       0x2a ./Core/Src/lcd.o
                0x0800105c                LCD_WriteString
 .text.lcd_puts
                0x08001086       0x34 ./Core/Src/lcd.o
                0x08001086                lcd_puts
 .text.LCD_Send4Bits
                0x080010ba       0xa0 ./Core/Src/lcd.o
 .text.LCD_WriteCommand
                0x0800115a       0x40 ./Core/Src/lcd.o
 .text.LCD_WriteData
                0x0800119a       0x40 ./Core/Src/lcd.o
 *fill*         0x080011da        0x2 
 .text.MyGestureEventHandler
                0x080011dc       0x8c ./Core/Src/main.o
                0x080011dc                MyGestureEventHandler
 .text.HAL_GPIO_EXTI_Callback
                0x08001268       0x1e ./Core/Src/main.o
                0x08001268                HAL_GPIO_EXTI_Callback
 .text.MyButtonEventHandler
                0x08001286       0x64 ./Core/Src/main.o
                0x08001286                MyButtonEventHandler
 .text.__io_putchar
                0x080012ea       0x12 ./Core/Src/main.o
                0x080012ea                __io_putchar
 .text.main     0x080012fc       0x94 ./Core/Src/main.o
                0x080012fc                main
 .text.SystemClock_Config
                0x08001390       0xc8 ./Core/Src/main.o
                0x08001390                SystemClock_Config
 .text.MX_I2C1_Init
                0x08001458       0x80 ./Core/Src/main.o
 .text.MX_USART1_UART_Init
                0x080014d8       0x60 ./Core/Src/main.o
 .text.MX_GPIO_Init
                0x08001538      0x18c ./Core/Src/main.o
 .text.GestureManagerTask
                0x080016c4       0x78 ./Core/Src/main.o
                0x080016c4                GestureManagerTask
 .text.InputManagerTask
                0x0800173c       0x1e ./Core/Src/main.o
                0x0800173c                InputManagerTask
 .text.Error_Handler
                0x0800175a        0xc ./Core/Src/main.o
                0x0800175a                Error_Handler
 *fill*         0x08001766        0x2 
 .text.init_screen1
                0x08001768       0x5c ./Core/Src/screen1.o
                0x08001768                init_screen1
 .text.handle_first_screen_input
                0x080017c4      0x15c ./Core/Src/screen1.o
                0x080017c4                handle_first_screen_input
 .text.update_screen1_display
                0x08001920       0x80 ./Core/Src/screen1.o
                0x08001920                update_screen1_display
 .text.update_screen1_with_current_values
                0x080019a0       0xe8 ./Core/Src/screen1.o
                0x080019a0                update_screen1_with_current_values
 .text.toggle_sensor_state
                0x08001a88        0xa ./Core/Src/screen1.o
                0x08001a88                toggle_sensor_state
 *fill*         0x08001a92        0x2 
 .text.handle_depth_action
                0x08001a94       0x90 ./Core/Src/screen1.o
                0x08001a94                handle_depth_action
 .text.switch_to_screen2
                0x08001b24       0x1c ./Core/Src/screen1.o
                0x08001b24                switch_to_screen2
 .text.increment_intensity
                0x08001b40       0x34 ./Core/Src/screen1.o
                0x08001b40                increment_intensity
 .text.decrement_intensity
                0x08001b74       0x34 ./Core/Src/screen1.o
                0x08001b74                decrement_intensity
 .text.toggle_color_mode
                0x08001ba8       0x50 ./Core/Src/screen1.o
                0x08001ba8                toggle_color_mode
 .text.decrement_color_mode
                0x08001bf8       0x50 ./Core/Src/screen1.o
                0x08001bf8                decrement_color_mode
 .text.enable_sensor
                0x08001c48       0x14 ./Core/Src/screen1.o
                0x08001c48                enable_sensor
 .text.disable_sensor
                0x08001c5c       0x14 ./Core/Src/screen1.o
                0x08001c5c                disable_sensor
 .text.turn_on_lamp
                0x08001c70       0x20 ./Core/Src/screen1.o
                0x08001c70                turn_on_lamp
 .text.turn_off_lamp
                0x08001c90       0x20 ./Core/Src/screen1.o
                0x08001c90                turn_off_lamp
 .text.turn_on_endo
                0x08001cb0       0x20 ./Core/Src/screen1.o
                0x08001cb0                turn_on_endo
 .text.turn_off_endo
                0x08001cd0       0x20 ./Core/Src/screen1.o
                0x08001cd0                turn_off_endo
 .text.turn_on_depth
                0x08001cf0       0x20 ./Core/Src/screen1.o
                0x08001cf0                turn_on_depth
 .text.turn_off_depth
                0x08001d10       0x20 ./Core/Src/screen1.o
                0x08001d10                turn_off_depth
 .text.init_second_screen
                0x08001d30       0x68 ./Core/Src/screen2.o
                0x08001d30                init_second_screen
 .text.handle_second_screen_input
                0x08001d98      0x1c4 ./Core/Src/screen2.o
                0x08001d98                handle_second_screen_input
 .text.load_focus_options
                0x08001f5c       0x90 ./Core/Src/screen2.o
                0x08001f5c                load_focus_options
 .text.reset_focus_options
                0x08001fec       0x38 ./Core/Src/screen2.o
                0x08001fec                reset_focus_options
 .text.toggle_focus_option
                0x08002024       0x6c ./Core/Src/screen2.o
                0x08002024                toggle_focus_option
 .text.HAL_MspInit
                0x08002090       0x54 ./Core/Src/stm32f0xx_hal_msp.o
                0x08002090                HAL_MspInit
 .text.HAL_I2C_MspInit
                0x080020e4       0x9c ./Core/Src/stm32f0xx_hal_msp.o
                0x080020e4                HAL_I2C_MspInit
 .text.HAL_UART_MspInit
                0x08002180       0xac ./Core/Src/stm32f0xx_hal_msp.o
                0x08002180                HAL_UART_MspInit
 .text.NMI_Handler
                0x0800222c        0x8 ./Core/Src/stm32f0xx_it.o
                0x0800222c                NMI_Handler
 .text.HardFault_Handler
                0x08002234        0x8 ./Core/Src/stm32f0xx_it.o
                0x08002234                HardFault_Handler
 .text.SysTick_Handler
                0x0800223c       0x1c ./Core/Src/stm32f0xx_it.o
                0x0800223c                SysTick_Handler
 .text.EXTI4_15_IRQHandler
                0x08002258       0x42 ./Core/Src/stm32f0xx_it.o
                0x08002258                EXTI4_15_IRQHandler
 *fill*         0x0800229a        0x2 
 .text.USART1_IRQHandler
                0x0800229c       0x18 ./Core/Src/stm32f0xx_it.o
                0x0800229c                USART1_IRQHandler
 .text._read    0x080022b4       0x3a ./Core/Src/syscalls.o
                0x080022b4                _read
 .text._write   0x080022ee       0x38 ./Core/Src/syscalls.o
                0x080022ee                _write
 .text._close   0x08002326       0x14 ./Core/Src/syscalls.o
                0x08002326                _close
 .text._fstat   0x0800233a       0x1c ./Core/Src/syscalls.o
                0x0800233a                _fstat
 .text._isatty  0x08002356       0x12 ./Core/Src/syscalls.o
                0x08002356                _isatty
 .text._lseek   0x08002368       0x16 ./Core/Src/syscalls.o
                0x08002368                _lseek
 *fill*         0x0800237e        0x2 
 .text._sbrk    0x08002380       0x6c ./Core/Src/sysmem.o
                0x08002380                _sbrk
 .text.SystemInit
                0x080023ec        0xa ./Core/Src/system_stm32f0xx.o
                0x080023ec                SystemInit
 *fill*         0x080023f6        0x2 
 .text.UART_Packet_Init
                0x080023f8       0x2c ./Core/Src/uart.o
                0x080023f8                UART_Packet_Init
 .text.HAL_UART_RxCpltCallback
                0x08002424       0xc0 ./Core/Src/uart.o
                0x08002424                HAL_UART_RxCpltCallback
 .text.getRxBuffer
                0x080024e4       0x10 ./Core/Src/uart.o
                0x080024e4                getRxBuffer
 .text.isDataReady
                0x080024f4       0x14 ./Core/Src/uart.o
                0x080024f4                isDataReady
 .text.resetDataReady
                0x08002508       0x14 ./Core/Src/uart.o
                0x08002508                resetDataReady
 .text.UART_Send
                0x0800251c       0x34 ./Core/Src/uart.o
                0x0800251c                UART_Send
 .text.process_uart_command
                0x08002550      0x4fc ./Core/Src/uart_command_handler.o
                0x08002550                process_uart_command
 .text.Reset_Handler
                0x08002a4c       0x50 ./Core/Startup/startup_stm32f030c8tx.o
                0x08002a4c                Reset_Handler
 .text.Default_Handler
                0x08002a9c        0x2 ./Core/Startup/startup_stm32f030c8tx.o
                0x08002a9c                TIM1_CC_IRQHandler
                0x08002a9c                TIM6_IRQHandler
                0x08002a9c                I2C1_IRQHandler
                0x08002a9c                SPI1_IRQHandler
                0x08002a9c                EXTI2_3_IRQHandler
                0x08002a9c                ADC1_IRQHandler
                0x08002a9c                I2C2_IRQHandler
                0x08002a9c                TIM17_IRQHandler
                0x08002a9c                RTC_IRQHandler
                0x08002a9c                TIM16_IRQHandler
                0x08002a9c                TIM3_IRQHandler
                0x08002a9c                RCC_IRQHandler
                0x08002a9c                DMA1_Channel1_IRQHandler
                0x08002a9c                Default_Handler
                0x08002a9c                TIM14_IRQHandler
                0x08002a9c                DMA1_Channel4_5_IRQHandler
                0x08002a9c                TIM15_IRQHandler
                0x08002a9c                EXTI0_1_IRQHandler
                0x08002a9c                SPI2_IRQHandler
                0x08002a9c                WWDG_IRQHandler
                0x08002a9c                DMA1_Channel2_3_IRQHandler
                0x08002a9c                USART2_IRQHandler
                0x08002a9c                FLASH_IRQHandler
                0x08002a9c                TIM1_BRK_UP_TRG_COM_IRQHandler
 *fill*         0x08002a9e        0x2 
 .text.HAL_Init
                0x08002aa0       0x28 ./Drivers/STM32F0xx_HAL_Driver/Src/stm32f0xx_hal.o
                0x08002aa0                HAL_Init
 .text.HAL_InitTick
                0x08002ac8       0x68 ./Drivers/STM32F0xx_HAL_Driver/Src/stm32f0xx_hal.o
                0x08002ac8                HAL_InitTick
 .text.HAL_IncTick
                0x08002b30       0x24 ./Drivers/STM32F0xx_HAL_Driver/Src/stm32f0xx_hal.o
                0x08002b30                HAL_IncTick
 .text.HAL_GetTick
                0x08002b54       0x14 ./Drivers/STM32F0xx_HAL_Driver/Src/stm32f0xx_hal.o
                0x08002b54                HAL_GetTick
 .text.HAL_Delay
                0x08002b68       0x48 ./Drivers/STM32F0xx_HAL_Driver/Src/stm32f0xx_hal.o
                0x08002b68                HAL_Delay
 .text.__NVIC_EnableIRQ
                0x08002bb0       0x34 ./Drivers/STM32F0xx_HAL_Driver/Src/stm32f0xx_hal_cortex.o
 .text.__NVIC_SetPriority
                0x08002be4       0xdc ./Drivers/STM32F0xx_HAL_Driver/Src/stm32f0xx_hal_cortex.o
 .text.SysTick_Config
                0x08002cc0       0x48 ./Drivers/STM32F0xx_HAL_Driver/Src/stm32f0xx_hal_cortex.o
 .text.HAL_NVIC_SetPriority
                0x08002d08       0x2a ./Drivers/STM32F0xx_HAL_Driver/Src/stm32f0xx_hal_cortex.o
                0x08002d08                HAL_NVIC_SetPriority
 .text.HAL_NVIC_EnableIRQ
                0x08002d32       0x20 ./Drivers/STM32F0xx_HAL_Driver/Src/stm32f0xx_hal_cortex.o
                0x08002d32                HAL_NVIC_EnableIRQ
 .text.HAL_SYSTICK_Config
                0x08002d52       0x1a ./Drivers/STM32F0xx_HAL_Driver/Src/stm32f0xx_hal_cortex.o
                0x08002d52                HAL_SYSTICK_Config
 .text.HAL_DMA_Start_IT
                0x08002d6c       0xcc ./Drivers/STM32F0xx_HAL_Driver/Src/stm32f0xx_hal_dma.o
                0x08002d6c                HAL_DMA_Start_IT
 .text.HAL_DMA_Abort
                0x08002e38       0x70 ./Drivers/STM32F0xx_HAL_Driver/Src/stm32f0xx_hal_dma.o
                0x08002e38                HAL_DMA_Abort
 .text.HAL_DMA_Abort_IT
                0x08002ea8       0x8a ./Drivers/STM32F0xx_HAL_Driver/Src/stm32f0xx_hal_dma.o
                0x08002ea8                HAL_DMA_Abort_IT
 .text.DMA_SetConfig
                0x08002f32       0x58 ./Drivers/STM32F0xx_HAL_Driver/Src/stm32f0xx_hal_dma.o
 *fill*         0x08002f8a        0x2 
 .text.HAL_GPIO_Init
                0x08002f8c      0x2e0 ./Drivers/STM32F0xx_HAL_Driver/Src/stm32f0xx_hal_gpio.o
                0x08002f8c                HAL_GPIO_Init
 .text.HAL_GPIO_ReadPin
                0x0800326c       0x3a ./Drivers/STM32F0xx_HAL_Driver/Src/stm32f0xx_hal_gpio.o
                0x0800326c                HAL_GPIO_ReadPin
 .text.HAL_GPIO_WritePin
                0x080032a6       0x3a ./Drivers/STM32F0xx_HAL_Driver/Src/stm32f0xx_hal_gpio.o
                0x080032a6                HAL_GPIO_WritePin
 .text.HAL_GPIO_EXTI_IRQHandler
                0x080032e0       0x38 ./Drivers/STM32F0xx_HAL_Driver/Src/stm32f0xx_hal_gpio.o
                0x080032e0                HAL_GPIO_EXTI_IRQHandler
 .text.HAL_I2C_Init
                0x08003318      0x14c ./Drivers/STM32F0xx_HAL_Driver/Src/stm32f0xx_hal_i2c.o
                0x08003318                HAL_I2C_Init
 .text.HAL_I2C_Mem_Write
                0x08003464      0x25c ./Drivers/STM32F0xx_HAL_Driver/Src/stm32f0xx_hal_i2c.o
                0x08003464                HAL_I2C_Mem_Write
 .text.HAL_I2C_Mem_Read
                0x080036c0      0x268 ./Drivers/STM32F0xx_HAL_Driver/Src/stm32f0xx_hal_i2c.o
                0x080036c0                HAL_I2C_Mem_Read
 .text.I2C_RequestMemoryWrite
                0x08003928       0xc8 ./Drivers/STM32F0xx_HAL_Driver/Src/stm32f0xx_hal_i2c.o
 .text.I2C_RequestMemoryRead
                0x080039f0       0xc4 ./Drivers/STM32F0xx_HAL_Driver/Src/stm32f0xx_hal_i2c.o
 .text.I2C_Flush_TXDR
                0x08003ab4       0x44 ./Drivers/STM32F0xx_HAL_Driver/Src/stm32f0xx_hal_i2c.o
 .text.I2C_WaitOnFlagUntilTimeout
                0x08003af8       0xb0 ./Drivers/STM32F0xx_HAL_Driver/Src/stm32f0xx_hal_i2c.o
 .text.I2C_WaitOnTXISFlagUntilTimeout
                0x08003ba8       0x8c ./Drivers/STM32F0xx_HAL_Driver/Src/stm32f0xx_hal_i2c.o
 .text.I2C_WaitOnSTOPFlagUntilTimeout
                0x08003c34       0x86 ./Drivers/STM32F0xx_HAL_Driver/Src/stm32f0xx_hal_i2c.o
 *fill*         0x08003cba        0x2 
 .text.I2C_IsErrorOccurred
                0x08003cbc      0x1f0 ./Drivers/STM32F0xx_HAL_Driver/Src/stm32f0xx_hal_i2c.o
 .text.I2C_TransferConfig
                0x08003eac       0x74 ./Drivers/STM32F0xx_HAL_Driver/Src/stm32f0xx_hal_i2c.o
 .text.HAL_I2CEx_ConfigAnalogFilter
                0x08003f20       0x98 ./Drivers/STM32F0xx_HAL_Driver/Src/stm32f0xx_hal_i2c_ex.o
                0x08003f20                HAL_I2CEx_ConfigAnalogFilter
 .text.HAL_I2CEx_ConfigDigitalFilter
                0x08003fb8       0x98 ./Drivers/STM32F0xx_HAL_Driver/Src/stm32f0xx_hal_i2c_ex.o
                0x08003fb8                HAL_I2CEx_ConfigDigitalFilter
 .text.HAL_RCC_OscConfig
                0x08004050      0x634 ./Drivers/STM32F0xx_HAL_Driver/Src/stm32f0xx_hal_rcc.o
                0x08004050                HAL_RCC_OscConfig
 .text.HAL_RCC_ClockConfig
                0x08004684      0x19c ./Drivers/STM32F0xx_HAL_Driver/Src/stm32f0xx_hal_rcc.o
                0x08004684                HAL_RCC_ClockConfig
 .text.HAL_RCC_GetSysClockFreq
                0x08004820       0xac ./Drivers/STM32F0xx_HAL_Driver/Src/stm32f0xx_hal_rcc.o
                0x08004820                HAL_RCC_GetSysClockFreq
 .text.HAL_RCC_GetHCLKFreq
                0x080048cc       0x14 ./Drivers/STM32F0xx_HAL_Driver/Src/stm32f0xx_hal_rcc.o
                0x080048cc                HAL_RCC_GetHCLKFreq
 .text.HAL_RCC_GetPCLK1Freq
                0x080048e0       0x2c ./Drivers/STM32F0xx_HAL_Driver/Src/stm32f0xx_hal_rcc.o
                0x080048e0                HAL_RCC_GetPCLK1Freq
 .text.HAL_RCCEx_PeriphCLKConfig
                0x0800490c      0x19c ./Drivers/STM32F0xx_HAL_Driver/Src/stm32f0xx_hal_rcc_ex.o
                0x0800490c                HAL_RCCEx_PeriphCLKConfig
 .text.HAL_UART_Init
                0x08004aa8       0xa8 ./Drivers/STM32F0xx_HAL_Driver/Src/stm32f0xx_hal_uart.o
                0x08004aa8                HAL_UART_Init
 .text.HAL_UART_Transmit
                0x08004b50      0x13e ./Drivers/STM32F0xx_HAL_Driver/Src/stm32f0xx_hal_uart.o
                0x08004b50                HAL_UART_Transmit
 .text.HAL_UART_Receive_DMA
                0x08004c8e       0xae ./Drivers/STM32F0xx_HAL_Driver/Src/stm32f0xx_hal_uart.o
                0x08004c8e                HAL_UART_Receive_DMA
 .text.HAL_UART_IRQHandler
                0x08004d3c      0x590 ./Drivers/STM32F0xx_HAL_Driver/Src/stm32f0xx_hal_uart.o
                0x08004d3c                HAL_UART_IRQHandler
 .text.HAL_UART_TxCpltCallback
                0x080052cc       0x10 ./Drivers/STM32F0xx_HAL_Driver/Src/stm32f0xx_hal_uart.o
                0x080052cc                HAL_UART_TxCpltCallback
 .text.HAL_UART_RxHalfCpltCallback
                0x080052dc       0x10 ./Drivers/STM32F0xx_HAL_Driver/Src/stm32f0xx_hal_uart.o
                0x080052dc                HAL_UART_RxHalfCpltCallback
 .text.HAL_UART_ErrorCallback
                0x080052ec       0x10 ./Drivers/STM32F0xx_HAL_Driver/Src/stm32f0xx_hal_uart.o
                0x080052ec                HAL_UART_ErrorCallback
 .text.HAL_UARTEx_RxEventCallback
                0x080052fc       0x16 ./Drivers/STM32F0xx_HAL_Driver/Src/stm32f0xx_hal_uart.o
                0x080052fc                HAL_UARTEx_RxEventCallback
 *fill*         0x08005312        0x2 
 .text.UART_SetConfig
                0x08005314      0x280 ./Drivers/STM32F0xx_HAL_Driver/Src/stm32f0xx_hal_uart.o
                0x08005314                UART_SetConfig
 .text.UART_AdvFeatureConfig
                0x08005594      0x168 ./Drivers/STM32F0xx_HAL_Driver/Src/stm32f0xx_hal_uart.o
                0x08005594                UART_AdvFeatureConfig
 .text.UART_CheckIdleState
                0x080056fc      0x150 ./Drivers/STM32F0xx_HAL_Driver/Src/stm32f0xx_hal_uart.o
                0x080056fc                UART_CheckIdleState
 .text.UART_WaitOnFlagUntilTimeout
                0x0800584c       0xde ./Drivers/STM32F0xx_HAL_Driver/Src/stm32f0xx_hal_uart.o
                0x0800584c                UART_WaitOnFlagUntilTimeout
 *fill*         0x0800592a        0x2 
 .text.UART_Start_Receive_DMA
                0x0800592c      0x140 ./Drivers/STM32F0xx_HAL_Driver/Src/stm32f0xx_hal_uart.o
                0x0800592c                UART_Start_Receive_DMA
 .text.UART_EndTxTransfer
                0x08005a6c       0x48 ./Drivers/STM32F0xx_HAL_Driver/Src/stm32f0xx_hal_uart.o
 .text.UART_EndRxTransfer
                0x08005ab4       0xc8 ./Drivers/STM32F0xx_HAL_Driver/Src/stm32f0xx_hal_uart.o
 .text.UART_DMAReceiveCplt
                0x08005b7c      0x12c ./Drivers/STM32F0xx_HAL_Driver/Src/stm32f0xx_hal_uart.o
 .text.UART_DMARxHalfCplt
                0x08005ca8       0x42 ./Drivers/STM32F0xx_HAL_Driver/Src/stm32f0xx_hal_uart.o
 .text.UART_DMAError
                0x08005cea       0x84 ./Drivers/STM32F0xx_HAL_Driver/Src/stm32f0xx_hal_uart.o
 .text.UART_DMAAbortOnError
                0x08005d6e       0x2e ./Drivers/STM32F0xx_HAL_Driver/Src/stm32f0xx_hal_uart.o
 .text.UART_EndTransmit_IT
                0x08005d9c       0x56 ./Drivers/STM32F0xx_HAL_Driver/Src/stm32f0xx_hal_uart.o
 *fill*         0x08005df2        0x2 
 .text.osKernelInitialize
                0x08005df4       0x58 ./Middlewares/Third_Party/FreeRTOS/Source/CMSIS_RTOS_V2/cmsis_os2.o
                0x08005df4                osKernelInitialize
 .text.osKernelStart
                0x08005e4c       0x5c ./Middlewares/Third_Party/FreeRTOS/Source/CMSIS_RTOS_V2/cmsis_os2.o
                0x08005e4c                osKernelStart
 .text.osThreadNew
                0x08005ea8      0x150 ./Middlewares/Third_Party/FreeRTOS/Source/CMSIS_RTOS_V2/cmsis_os2.o
                0x08005ea8                osThreadNew
 .text.osDelay  0x08005ff8       0x50 ./Middlewares/Third_Party/FreeRTOS/Source/CMSIS_RTOS_V2/cmsis_os2.o
                0x08005ff8                osDelay
 .text.vApplicationGetIdleTaskMemory
                0x08006048       0x30 ./Middlewares/Third_Party/FreeRTOS/Source/CMSIS_RTOS_V2/cmsis_os2.o
                0x08006048                vApplicationGetIdleTaskMemory
 .text.vApplicationGetTimerTaskMemory
                0x08006078       0x30 ./Middlewares/Third_Party/FreeRTOS/Source/CMSIS_RTOS_V2/cmsis_os2.o
                0x08006078                vApplicationGetTimerTaskMemory
 .text.vListInitialise
                0x080060a8       0x3c ./Middlewares/Third_Party/FreeRTOS/Source/list.o
                0x080060a8                vListInitialise
 .text.vListInitialiseItem
                0x080060e4       0x16 ./Middlewares/Third_Party/FreeRTOS/Source/list.o
                0x080060e4                vListInitialiseItem
 .text.vListInsertEnd
                0x080060fa       0x44 ./Middlewares/Third_Party/FreeRTOS/Source/list.o
                0x080060fa                vListInsertEnd
 .text.vListInsert
                0x0800613e       0x6c ./Middlewares/Third_Party/FreeRTOS/Source/list.o
                0x0800613e                vListInsert
 .text.uxListRemove
                0x080061aa       0x50 ./Middlewares/Third_Party/FreeRTOS/Source/list.o
                0x080061aa                uxListRemove
 .text.xQueueGenericReset
                0x080061fa       0xaa ./Middlewares/Third_Party/FreeRTOS/Source/queue.o
                0x080061fa                xQueueGenericReset
 .text.xQueueGenericCreateStatic
                0x080062a4       0xa0 ./Middlewares/Third_Party/FreeRTOS/Source/queue.o
                0x080062a4                xQueueGenericCreateStatic
 .text.prvInitialiseNewQueue
                0x08006344       0x4e ./Middlewares/Third_Party/FreeRTOS/Source/queue.o
 .text.xQueueGenericSend
                0x08006392      0x190 ./Middlewares/Third_Party/FreeRTOS/Source/queue.o
                0x08006392                xQueueGenericSend
 .text.xQueueGenericSendFromISR
                0x08006522       0xe8 ./Middlewares/Third_Party/FreeRTOS/Source/queue.o
                0x08006522                xQueueGenericSendFromISR
 .text.xQueueReceive
                0x0800660a      0x170 ./Middlewares/Third_Party/FreeRTOS/Source/queue.o
                0x0800660a                xQueueReceive
 .text.prvCopyDataToQueue
                0x0800677a       0xd6 ./Middlewares/Third_Party/FreeRTOS/Source/queue.o
 .text.prvCopyDataFromQueue
                0x08006850       0x4c ./Middlewares/Third_Party/FreeRTOS/Source/queue.o
 .text.prvUnlockQueue
                0x0800689c       0xbc ./Middlewares/Third_Party/FreeRTOS/Source/queue.o
 .text.prvIsQueueEmpty
                0x08006958       0x2c ./Middlewares/Third_Party/FreeRTOS/Source/queue.o
 .text.prvIsQueueFull
                0x08006984       0x30 ./Middlewares/Third_Party/FreeRTOS/Source/queue.o
 .text.vQueueAddToRegistry
                0x080069b4       0x50 ./Middlewares/Third_Party/FreeRTOS/Source/queue.o
                0x080069b4                vQueueAddToRegistry
 .text.vQueueWaitForMessageRestricted
                0x08006a04       0x66 ./Middlewares/Third_Party/FreeRTOS/Source/queue.o
                0x08006a04                vQueueWaitForMessageRestricted
 .text.xTaskCreateStatic
                0x08006a6a       0x8c ./Middlewares/Third_Party/FreeRTOS/Source/tasks.o
                0x08006a6a                xTaskCreateStatic
 .text.xTaskCreate
                0x08006af6       0x98 ./Middlewares/Third_Party/FreeRTOS/Source/tasks.o
                0x08006af6                xTaskCreate
 *fill*         0x08006b8e        0x2 
 .text.prvInitialiseNewTask
                0x08006b90      0x104 ./Middlewares/Third_Party/FreeRTOS/Source/tasks.o
 .text.prvAddNewTaskToReadyList
                0x08006c94       0xd0 ./Middlewares/Third_Party/FreeRTOS/Source/tasks.o
 .text.vTaskDelay
                0x08006d64       0x4c ./Middlewares/Third_Party/FreeRTOS/Source/tasks.o
                0x08006d64                vTaskDelay
 .text.vTaskStartScheduler
                0x08006db0       0xac ./Middlewares/Third_Party/FreeRTOS/Source/tasks.o
                0x08006db0                vTaskStartScheduler
 .text.vTaskSuspendAll
                0x08006e5c       0x18 ./Middlewares/Third_Party/FreeRTOS/Source/tasks.o
                0x08006e5c                vTaskSuspendAll
 .text.xTaskResumeAll
                0x08006e74      0x118 ./Middlewares/Third_Party/FreeRTOS/Source/tasks.o
                0x08006e74                xTaskResumeAll
 .text.xTaskGetTickCount
                0x08006f8c       0x1c ./Middlewares/Third_Party/FreeRTOS/Source/tasks.o
                0x08006f8c                xTaskGetTickCount
 .text.xTaskIncrementTick
                0x08006fa8      0x16c ./Middlewares/Third_Party/FreeRTOS/Source/tasks.o
                0x08006fa8                xTaskIncrementTick
 .text.vTaskSwitchContext
                0x08007114       0xa4 ./Middlewares/Third_Party/FreeRTOS/Source/tasks.o
                0x08007114                vTaskSwitchContext
 .text.vTaskPlaceOnEventList
                0x080071b8       0x40 ./Middlewares/Third_Party/FreeRTOS/Source/tasks.o
                0x080071b8                vTaskPlaceOnEventList
 .text.vTaskPlaceOnEventListRestricted
                0x080071f8       0x50 ./Middlewares/Third_Party/FreeRTOS/Source/tasks.o
                0x080071f8                vTaskPlaceOnEventListRestricted
 .text.xTaskRemoveFromEventList
                0x08007248       0xbc ./Middlewares/Third_Party/FreeRTOS/Source/tasks.o
                0x08007248                xTaskRemoveFromEventList
 .text.vTaskInternalSetTimeOutState
                0x08007304       0x28 ./Middlewares/Third_Party/FreeRTOS/Source/tasks.o
                0x08007304                vTaskInternalSetTimeOutState
 .text.xTaskCheckForTimeOut
                0x0800732c       0xa4 ./Middlewares/Third_Party/FreeRTOS/Source/tasks.o
                0x0800732c                xTaskCheckForTimeOut
 .text.vTaskMissedYield
                0x080073d0       0x14 ./Middlewares/Third_Party/FreeRTOS/Source/tasks.o
                0x080073d0                vTaskMissedYield
 .text.prvIdleTask
                0x080073e4       0x20 ./Middlewares/Third_Party/FreeRTOS/Source/tasks.o
 .text.prvInitialiseTaskLists
                0x08007404       0x88 ./Middlewares/Third_Party/FreeRTOS/Source/tasks.o
 .text.prvCheckTasksWaitingTermination
                0x0800748c       0x5c ./Middlewares/Third_Party/FreeRTOS/Source/tasks.o
 .text.prvDeleteTCB
                0x080074e8       0x52 ./Middlewares/Third_Party/FreeRTOS/Source/tasks.o
 *fill*         0x0800753a        0x2 
 .text.prvResetNextTaskUnblockTime
                0x0800753c       0x48 ./Middlewares/Third_Party/FreeRTOS/Source/tasks.o
 .text.xTaskGetSchedulerState
                0x08007584       0x38 ./Middlewares/Third_Party/FreeRTOS/Source/tasks.o
                0x08007584                xTaskGetSchedulerState
 .text.xTaskPriorityDisinherit
                0x080075bc       0xbc ./Middlewares/Third_Party/FreeRTOS/Source/tasks.o
                0x080075bc                xTaskPriorityDisinherit
 .text.prvAddCurrentTaskToDelayedList
                0x08007678       0xa8 ./Middlewares/Third_Party/FreeRTOS/Source/tasks.o
 .text.xTimerCreateTimerTask
                0x08007720       0x80 ./Middlewares/Third_Party/FreeRTOS/Source/timers.o
                0x08007720                xTimerCreateTimerTask
 .text.xTimerGenericCommand
                0x080077a0       0x98 ./Middlewares/Third_Party/FreeRTOS/Source/timers.o
                0x080077a0                xTimerGenericCommand
 .text.prvProcessExpiredTimer
                0x08007838       0x74 ./Middlewares/Third_Party/FreeRTOS/Source/timers.o
 .text.prvTimerTask
                0x080078ac       0x2a ./Middlewares/Third_Party/FreeRTOS/Source/timers.o
 *fill*         0x080078d6        0x2 
 .text.prvProcessTimerOrBlockTask
                0x080078d8       0x8c ./Middlewares/Third_Party/FreeRTOS/Source/timers.o
 .text.prvGetNextExpireTime
                0x08007964       0x40 ./Middlewares/Third_Party/FreeRTOS/Source/timers.o
 .text.prvSampleTimeNow
                0x080079a4       0x40 ./Middlewares/Third_Party/FreeRTOS/Source/timers.o
 .text.prvInsertTimerInActiveList
                0x080079e4       0x84 ./Middlewares/Third_Party/FreeRTOS/Source/timers.o
 .text.prvProcessReceivedCommands
                0x08007a68      0x144 ./Middlewares/Third_Party/FreeRTOS/Source/timers.o
 .text.prvSwitchTimerLists
                0x08007bac       0xb8 ./Middlewares/Third_Party/FreeRTOS/Source/timers.o
 .text.prvCheckForValidListAndQueue
                0x08007c64       0x84 ./Middlewares/Third_Party/FreeRTOS/Source/timers.o
 .text.pxPortInitialiseStack
                0x08007ce8       0x54 ./Middlewares/Third_Party/FreeRTOS/Source/portable/GCC/ARM_CM0/port.o
                0x08007ce8                pxPortInitialiseStack
 .text.prvTaskExitError
                0x08007d3c       0x30 ./Middlewares/Third_Party/FreeRTOS/Source/portable/GCC/ARM_CM0/port.o
 .text.SVC_Handler
                0x08007d6c        0xa ./Middlewares/Third_Party/FreeRTOS/Source/portable/GCC/ARM_CM0/port.o
                0x08007d6c                SVC_Handler
 *fill*         0x08007d76        0xa 
 .text.vPortStartFirstTask
                0x08007d80       0x38 ./Middlewares/Third_Party/FreeRTOS/Source/portable/GCC/ARM_CM0/port.o
 .text.xPortStartScheduler
                0x08007db8       0x48 ./Middlewares/Third_Party/FreeRTOS/Source/portable/GCC/ARM_CM0/port.o
                0x08007db8                xPortStartScheduler
 .text.vPortYield
                0x08007e00       0x20 ./Middlewares/Third_Party/FreeRTOS/Source/portable/GCC/ARM_CM0/port.o
                0x08007e00                vPortYield
 .text.vPortEnterCritical
                0x08007e20       0x24 ./Middlewares/Third_Party/FreeRTOS/Source/portable/GCC/ARM_CM0/port.o
                0x08007e20                vPortEnterCritical
 .text.vPortExitCritical
                0x08007e44       0x30 ./Middlewares/Third_Party/FreeRTOS/Source/portable/GCC/ARM_CM0/port.o
                0x08007e44                vPortExitCritical
 .text.ulSetInterruptMaskFromISR
                0x08007e74        0xc ./Middlewares/Third_Party/FreeRTOS/Source/portable/GCC/ARM_CM0/port.o
                0x08007e74                ulSetInterruptMaskFromISR
 .text.vClearInterruptMaskFromISR
                0x08007e80        0x8 ./Middlewares/Third_Party/FreeRTOS/Source/portable/GCC/ARM_CM0/port.o
                0x08007e80                vClearInterruptMaskFromISR
 *fill*         0x08007e88        0x8 
 .text.PendSV_Handler
                0x08007e90       0x48 ./Middlewares/Third_Party/FreeRTOS/Source/portable/GCC/ARM_CM0/port.o
                0x08007e90                PendSV_Handler
 .text.xPortSysTickHandler
                0x08007ed8       0x34 ./Middlewares/Third_Party/FreeRTOS/Source/portable/GCC/ARM_CM0/port.o
                0x08007ed8                xPortSysTickHandler
 .text.prvSetupTimerInterrupt
                0x08007f0c       0x44 ./Middlewares/Third_Party/FreeRTOS/Source/portable/GCC/ARM_CM0/port.o
 .text.pvPortMalloc
                0x08007f50      0x150 ./Middlewares/Third_Party/FreeRTOS/Source/portable/MemMang/heap_4.o
                0x08007f50                pvPortMalloc
 .text.vPortFree
                0x080080a0       0x94 ./Middlewares/Third_Party/FreeRTOS/Source/portable/MemMang/heap_4.o
                0x080080a0                vPortFree
 .text.prvHeapInit
                0x08008134       0xc0 ./Middlewares/Third_Party/FreeRTOS/Source/portable/MemMang/heap_4.o
 .text.prvInsertBlockIntoFreeList
                0x080081f4       0xb0 ./Middlewares/Third_Party/FreeRTOS/Source/portable/MemMang/heap_4.o
 .text.atoi     0x080082a4        0xc C:/ST/STM32CubeIDE_1.19.0/STM32CubeIDE/plugins/com.st.stm32cube.ide.mcu.externaltools.gnu-tools-for-stm32.13.3.rel1.win32_1.0.0.202411081344/tools/bin/../lib/gcc/arm-none-eabi/13.3.1/../../../../arm-none-eabi/lib/thumb/v6-m/nofp\libc_nano.a(libc_a-atoi.o)
                0x080082a4                atoi
 .text._strtol_l.isra.0
                0x080082b0      0x114 C:/ST/STM32CubeIDE_1.19.0/STM32CubeIDE/plugins/com.st.stm32cube.ide.mcu.externaltools.gnu-tools-for-stm32.13.3.rel1.win32_1.0.0.202411081344/tools/bin/../lib/gcc/arm-none-eabi/13.3.1/../../../../arm-none-eabi/lib/thumb/v6-m/nofp\libc_nano.a(libc_a-strtol.o)
 .text.strtol   0x080083c4       0x18 C:/ST/STM32CubeIDE_1.19.0/STM32CubeIDE/plugins/com.st.stm32cube.ide.mcu.externaltools.gnu-tools-for-stm32.13.3.rel1.win32_1.0.0.202411081344/tools/bin/../lib/gcc/arm-none-eabi/13.3.1/../../../../arm-none-eabi/lib/thumb/v6-m/nofp\libc_nano.a(libc_a-strtol.o)
                0x080083c4                strtol
 .text.std      0x080083dc       0x6c C:/ST/STM32CubeIDE_1.19.0/STM32CubeIDE/plugins/com.st.stm32cube.ide.mcu.externaltools.gnu-tools-for-stm32.13.3.rel1.win32_1.0.0.202411081344/tools/bin/../lib/gcc/arm-none-eabi/13.3.1/../../../../arm-none-eabi/lib/thumb/v6-m/nofp\libc_nano.a(libc_a-findfp.o)
 .text.stdio_exit_handler
                0x08008448       0x1c C:/ST/STM32CubeIDE_1.19.0/STM32CubeIDE/plugins/com.st.stm32cube.ide.mcu.externaltools.gnu-tools-for-stm32.13.3.rel1.win32_1.0.0.202411081344/tools/bin/../lib/gcc/arm-none-eabi/13.3.1/../../../../arm-none-eabi/lib/thumb/v6-m/nofp\libc_nano.a(libc_a-findfp.o)
 .text.cleanup_stdio
                0x08008464       0x3c C:/ST/STM32CubeIDE_1.19.0/STM32CubeIDE/plugins/com.st.stm32cube.ide.mcu.externaltools.gnu-tools-for-stm32.13.3.rel1.win32_1.0.0.202411081344/tools/bin/../lib/gcc/arm-none-eabi/13.3.1/../../../../arm-none-eabi/lib/thumb/v6-m/nofp\libc_nano.a(libc_a-findfp.o)
 .text.global_stdio_init.part.0
                0x080084a0       0x3c C:/ST/STM32CubeIDE_1.19.0/STM32CubeIDE/plugins/com.st.stm32cube.ide.mcu.externaltools.gnu-tools-for-stm32.13.3.rel1.win32_1.0.0.202411081344/tools/bin/../lib/gcc/arm-none-eabi/13.3.1/../../../../arm-none-eabi/lib/thumb/v6-m/nofp\libc_nano.a(libc_a-findfp.o)
 .text.__sfp_lock_acquire
                0x080084dc       0x10 C:/ST/STM32CubeIDE_1.19.0/STM32CubeIDE/plugins/com.st.stm32cube.ide.mcu.externaltools.gnu-tools-for-stm32.13.3.rel1.win32_1.0.0.202411081344/tools/bin/../lib/gcc/arm-none-eabi/13.3.1/../../../../arm-none-eabi/lib/thumb/v6-m/nofp\libc_nano.a(libc_a-findfp.o)
                0x080084dc                __sfp_lock_acquire
 .text.__sfp_lock_release
                0x080084ec       0x10 C:/ST/STM32CubeIDE_1.19.0/STM32CubeIDE/plugins/com.st.stm32cube.ide.mcu.externaltools.gnu-tools-for-stm32.13.3.rel1.win32_1.0.0.202411081344/tools/bin/../lib/gcc/arm-none-eabi/13.3.1/../../../../arm-none-eabi/lib/thumb/v6-m/nofp\libc_nano.a(libc_a-findfp.o)
                0x080084ec                __sfp_lock_release
 .text.__sinit  0x080084fc       0x30 C:/ST/STM32CubeIDE_1.19.0/STM32CubeIDE/plugins/com.st.stm32cube.ide.mcu.externaltools.gnu-tools-for-stm32.13.3.rel1.win32_1.0.0.202411081344/tools/bin/../lib/gcc/arm-none-eabi/13.3.1/../../../../arm-none-eabi/lib/thumb/v6-m/nofp\libc_nano.a(libc_a-findfp.o)
                0x080084fc                __sinit
 .text._fwalk_sglue
                0x0800852c       0x38 C:/ST/STM32CubeIDE_1.19.0/STM32CubeIDE/plugins/com.st.stm32cube.ide.mcu.externaltools.gnu-tools-for-stm32.13.3.rel1.win32_1.0.0.202411081344/tools/bin/../lib/gcc/arm-none-eabi/13.3.1/../../../../arm-none-eabi/lib/thumb/v6-m/nofp\libc_nano.a(libc_a-fwalk.o)
                0x0800852c                _fwalk_sglue
 .text.printf   0x08008564       0x20 C:/ST/STM32CubeIDE_1.19.0/STM32CubeIDE/plugins/com.st.stm32cube.ide.mcu.externaltools.gnu-tools-for-stm32.13.3.rel1.win32_1.0.0.202411081344/tools/bin/../lib/gcc/arm-none-eabi/13.3.1/../../../../arm-none-eabi/lib/thumb/v6-m/nofp\libc_nano.a(libc_a-printf.o)
                0x08008564                iprintf
                0x08008564                printf
 .text._puts_r  0x08008584       0xac C:/ST/STM32CubeIDE_1.19.0/STM32CubeIDE/plugins/com.st.stm32cube.ide.mcu.externaltools.gnu-tools-for-stm32.13.3.rel1.win32_1.0.0.202411081344/tools/bin/../lib/gcc/arm-none-eabi/13.3.1/../../../../arm-none-eabi/lib/thumb/v6-m/nofp\libc_nano.a(libc_a-puts.o)
                0x08008584                _puts_r
 .text.puts     0x08008630       0x14 C:/ST/STM32CubeIDE_1.19.0/STM32CubeIDE/plugins/com.st.stm32cube.ide.mcu.externaltools.gnu-tools-for-stm32.13.3.rel1.win32_1.0.0.202411081344/tools/bin/../lib/gcc/arm-none-eabi/13.3.1/../../../../arm-none-eabi/lib/thumb/v6-m/nofp\libc_nano.a(libc_a-puts.o)
                0x08008630                puts
 .text.snprintf
                0x08008644       0x6c C:/ST/STM32CubeIDE_1.19.0/STM32CubeIDE/plugins/com.st.stm32cube.ide.mcu.externaltools.gnu-tools-for-stm32.13.3.rel1.win32_1.0.0.202411081344/tools/bin/../lib/gcc/arm-none-eabi/13.3.1/../../../../arm-none-eabi/lib/thumb/v6-m/nofp\libc_nano.a(libc_a-snprintf.o)
                0x08008644                sniprintf
                0x08008644                snprintf
 .text.__sread  0x080086b0       0x28 C:/ST/STM32CubeIDE_1.19.0/STM32CubeIDE/plugins/com.st.stm32cube.ide.mcu.externaltools.gnu-tools-for-stm32.13.3.rel1.win32_1.0.0.202411081344/tools/bin/../lib/gcc/arm-none-eabi/13.3.1/../../../../arm-none-eabi/lib/thumb/v6-m/nofp\libc_nano.a(libc_a-stdio.o)
                0x080086b0                __sread
 .text.__swrite
                0x080086d8       0x38 C:/ST/STM32CubeIDE_1.19.0/STM32CubeIDE/plugins/com.st.stm32cube.ide.mcu.externaltools.gnu-tools-for-stm32.13.3.rel1.win32_1.0.0.202411081344/tools/bin/../lib/gcc/arm-none-eabi/13.3.1/../../../../arm-none-eabi/lib/thumb/v6-m/nofp\libc_nano.a(libc_a-stdio.o)
                0x080086d8                __swrite
 .text.__sseek  0x08008710       0x2c C:/ST/STM32CubeIDE_1.19.0/STM32CubeIDE/plugins/com.st.stm32cube.ide.mcu.externaltools.gnu-tools-for-stm32.13.3.rel1.win32_1.0.0.202411081344/tools/bin/../lib/gcc/arm-none-eabi/13.3.1/../../../../arm-none-eabi/lib/thumb/v6-m/nofp\libc_nano.a(libc_a-stdio.o)
                0x08008710                __sseek
 .text.__sclose
                0x0800873c        0xc C:/ST/STM32CubeIDE_1.19.0/STM32CubeIDE/plugins/com.st.stm32cube.ide.mcu.externaltools.gnu-tools-for-stm32.13.3.rel1.win32_1.0.0.202411081344/tools/bin/../lib/gcc/arm-none-eabi/13.3.1/../../../../arm-none-eabi/lib/thumb/v6-m/nofp\libc_nano.a(libc_a-stdio.o)
                0x0800873c                __sclose
 .text.__swbuf_r
                0x08008748       0x84 C:/ST/STM32CubeIDE_1.19.0/STM32CubeIDE/plugins/com.st.stm32cube.ide.mcu.externaltools.gnu-tools-for-stm32.13.3.rel1.win32_1.0.0.202411081344/tools/bin/../lib/gcc/arm-none-eabi/13.3.1/../../../../arm-none-eabi/lib/thumb/v6-m/nofp\libc_nano.a(libc_a-wbuf.o)
                0x08008748                __swbuf_r
 .text.__swsetup_r
                0x080087cc       0xbc C:/ST/STM32CubeIDE_1.19.0/STM32CubeIDE/plugins/com.st.stm32cube.ide.mcu.externaltools.gnu-tools-for-stm32.13.3.rel1.win32_1.0.0.202411081344/tools/bin/../lib/gcc/arm-none-eabi/13.3.1/../../../../arm-none-eabi/lib/thumb/v6-m/nofp\libc_nano.a(libc_a-wsetup.o)
                0x080087cc                __swsetup_r
 .text.memset   0x08008888       0x10 C:/ST/STM32CubeIDE_1.19.0/STM32CubeIDE/plugins/com.st.stm32cube.ide.mcu.externaltools.gnu-tools-for-stm32.13.3.rel1.win32_1.0.0.202411081344/tools/bin/../lib/gcc/arm-none-eabi/13.3.1/../../../../arm-none-eabi/lib/thumb/v6-m/nofp\libc_nano.a(libc_a-memset.o)
                0x08008888                memset
 .text.strncmp  0x08008898       0x22 C:/ST/STM32CubeIDE_1.19.0/STM32CubeIDE/plugins/com.st.stm32cube.ide.mcu.externaltools.gnu-tools-for-stm32.13.3.rel1.win32_1.0.0.202411081344/tools/bin/../lib/gcc/arm-none-eabi/13.3.1/../../../../arm-none-eabi/lib/thumb/v6-m/nofp\libc_nano.a(libc_a-strncmp.o)
                0x08008898                strncmp
 .text.strncpy  0x080088ba       0x28 C:/ST/STM32CubeIDE_1.19.0/STM32CubeIDE/plugins/com.st.stm32cube.ide.mcu.externaltools.gnu-tools-for-stm32.13.3.rel1.win32_1.0.0.202411081344/tools/bin/../lib/gcc/arm-none-eabi/13.3.1/../../../../arm-none-eabi/lib/thumb/v6-m/nofp\libc_nano.a(libc_a-strncpy.o)
                0x080088ba                strncpy
 *fill*         0x080088e2        0x2 
 .text._close_r
                0x080088e4       0x24 C:/ST/STM32CubeIDE_1.19.0/STM32CubeIDE/plugins/com.st.stm32cube.ide.mcu.externaltools.gnu-tools-for-stm32.13.3.rel1.win32_1.0.0.202411081344/tools/bin/../lib/gcc/arm-none-eabi/13.3.1/../../../../arm-none-eabi/lib/thumb/v6-m/nofp\libc_nano.a(libc_a-closer.o)
                0x080088e4                _close_r
 .text._lseek_r
                0x08008908       0x28 C:/ST/STM32CubeIDE_1.19.0/STM32CubeIDE/plugins/com.st.stm32cube.ide.mcu.externaltools.gnu-tools-for-stm32.13.3.rel1.win32_1.0.0.202411081344/tools/bin/../lib/gcc/arm-none-eabi/13.3.1/../../../../arm-none-eabi/lib/thumb/v6-m/nofp\libc_nano.a(libc_a-lseekr.o)
                0x08008908                _lseek_r
 .text._read_r  0x08008930       0x28 C:/ST/STM32CubeIDE_1.19.0/STM32CubeIDE/plugins/com.st.stm32cube.ide.mcu.externaltools.gnu-tools-for-stm32.13.3.rel1.win32_1.0.0.202411081344/tools/bin/../lib/gcc/arm-none-eabi/13.3.1/../../../../arm-none-eabi/lib/thumb/v6-m/nofp\libc_nano.a(libc_a-readr.o)
                0x08008930                _read_r
 .text._write_r
                0x08008958       0x28 C:/ST/STM32CubeIDE_1.19.0/STM32CubeIDE/plugins/com.st.stm32cube.ide.mcu.externaltools.gnu-tools-for-stm32.13.3.rel1.win32_1.0.0.202411081344/tools/bin/../lib/gcc/arm-none-eabi/13.3.1/../../../../arm-none-eabi/lib/thumb/v6-m/nofp\libc_nano.a(libc_a-writer.o)
                0x08008958                _write_r
 .text.__errno  0x08008980        0xc C:/ST/STM32CubeIDE_1.19.0/STM32CubeIDE/plugins/com.st.stm32cube.ide.mcu.externaltools.gnu-tools-for-stm32.13.3.rel1.win32_1.0.0.202411081344/tools/bin/../lib/gcc/arm-none-eabi/13.3.1/../../../../arm-none-eabi/lib/thumb/v6-m/nofp\libc_nano.a(libc_a-errno.o)
                0x08008980                __errno
 .text.__libc_init_array
                0x0800898c       0x48 C:/ST/STM32CubeIDE_1.19.0/STM32CubeIDE/plugins/com.st.stm32cube.ide.mcu.externaltools.gnu-tools-for-stm32.13.3.rel1.win32_1.0.0.202411081344/tools/bin/../lib/gcc/arm-none-eabi/13.3.1/../../../../arm-none-eabi/lib/thumb/v6-m/nofp\libc_nano.a(libc_a-init.o)
                0x0800898c                __libc_init_array
 .text.__retarget_lock_init_recursive
                0x080089d4        0x2 C:/ST/STM32CubeIDE_1.19.0/STM32CubeIDE/plugins/com.st.stm32cube.ide.mcu.externaltools.gnu-tools-for-stm32.13.3.rel1.win32_1.0.0.202411081344/tools/bin/../lib/gcc/arm-none-eabi/13.3.1/../../../../arm-none-eabi/lib/thumb/v6-m/nofp\libc_nano.a(libc_a-lock.o)
                0x080089d4                __retarget_lock_init_recursive
 .text.__retarget_lock_acquire_recursive
                0x080089d6        0x2 C:/ST/STM32CubeIDE_1.19.0/STM32CubeIDE/plugins/com.st.stm32cube.ide.mcu.externaltools.gnu-tools-for-stm32.13.3.rel1.win32_1.0.0.202411081344/tools/bin/../lib/gcc/arm-none-eabi/13.3.1/../../../../arm-none-eabi/lib/thumb/v6-m/nofp\libc_nano.a(libc_a-lock.o)
                0x080089d6                __retarget_lock_acquire_recursive
 .text.__retarget_lock_release_recursive
                0x080089d8        0x2 C:/ST/STM32CubeIDE_1.19.0/STM32CubeIDE/plugins/com.st.stm32cube.ide.mcu.externaltools.gnu-tools-for-stm32.13.3.rel1.win32_1.0.0.202411081344/tools/bin/../lib/gcc/arm-none-eabi/13.3.1/../../../../arm-none-eabi/lib/thumb/v6-m/nofp\libc_nano.a(libc_a-lock.o)
                0x080089d8                __retarget_lock_release_recursive
 .text.memcpy   0x080089da       0x12 C:/ST/STM32CubeIDE_1.19.0/STM32CubeIDE/plugins/com.st.stm32cube.ide.mcu.externaltools.gnu-tools-for-stm32.13.3.rel1.win32_1.0.0.202411081344/tools/bin/../lib/gcc/arm-none-eabi/13.3.1/../../../../arm-none-eabi/lib/thumb/v6-m/nofp\libc_nano.a(libc_a-memcpy-stub.o)
                0x080089da                memcpy
 .text._free_r  0x080089ec       0x94 C:/ST/STM32CubeIDE_1.19.0/STM32CubeIDE/plugins/com.st.stm32cube.ide.mcu.externaltools.gnu-tools-for-stm32.13.3.rel1.win32_1.0.0.202411081344/tools/bin/../lib/gcc/arm-none-eabi/13.3.1/../../../../arm-none-eabi/lib/thumb/v6-m/nofp\libc_nano.a(libc_a-freer.o)
                0x080089ec                _free_r
 .text.sbrk_aligned
                0x08008a80       0x44 C:/ST/STM32CubeIDE_1.19.0/STM32CubeIDE/plugins/com.st.stm32cube.ide.mcu.externaltools.gnu-tools-for-stm32.13.3.rel1.win32_1.0.0.202411081344/tools/bin/../lib/gcc/arm-none-eabi/13.3.1/../../../../arm-none-eabi/lib/thumb/v6-m/nofp\libc_nano.a(libc_a-mallocr.o)
 .text._malloc_r
                0x08008ac4      0x100 C:/ST/STM32CubeIDE_1.19.0/STM32CubeIDE/plugins/com.st.stm32cube.ide.mcu.externaltools.gnu-tools-for-stm32.13.3.rel1.win32_1.0.0.202411081344/tools/bin/../lib/gcc/arm-none-eabi/13.3.1/../../../../arm-none-eabi/lib/thumb/v6-m/nofp\libc_nano.a(libc_a-mallocr.o)
                0x08008ac4                _malloc_r
 .text.__malloc_lock
                0x08008bc4       0x10 C:/ST/STM32CubeIDE_1.19.0/STM32CubeIDE/plugins/com.st.stm32cube.ide.mcu.externaltools.gnu-tools-for-stm32.13.3.rel1.win32_1.0.0.202411081344/tools/bin/../lib/gcc/arm-none-eabi/13.3.1/../../../../arm-none-eabi/lib/thumb/v6-m/nofp\libc_nano.a(libc_a-mlock.o)
                0x08008bc4                __malloc_lock
 .text.__malloc_unlock
                0x08008bd4       0x10 C:/ST/STM32CubeIDE_1.19.0/STM32CubeIDE/plugins/com.st.stm32cube.ide.mcu.externaltools.gnu-tools-for-stm32.13.3.rel1.win32_1.0.0.202411081344/tools/bin/../lib/gcc/arm-none-eabi/13.3.1/../../../../arm-none-eabi/lib/thumb/v6-m/nofp\libc_nano.a(libc_a-mlock.o)
                0x08008bd4                __malloc_unlock
 .text.__ssputs_r
                0x08008be4       0xc0 C:/ST/STM32CubeIDE_1.19.0/STM32CubeIDE/plugins/com.st.stm32cube.ide.mcu.externaltools.gnu-tools-for-stm32.13.3.rel1.win32_1.0.0.202411081344/tools/bin/../lib/gcc/arm-none-eabi/13.3.1/../../../../arm-none-eabi/lib/thumb/v6-m/nofp\libc_nano.a(libc_a-nano-svfprintf.o)
                0x08008be4                __ssputs_r
 .text._svfprintf_r
                0x08008ca4      0x1fc C:/ST/STM32CubeIDE_1.19.0/STM32CubeIDE/plugins/com.st.stm32cube.ide.mcu.externaltools.gnu-tools-for-stm32.13.3.rel1.win32_1.0.0.202411081344/tools/bin/../lib/gcc/arm-none-eabi/13.3.1/../../../../arm-none-eabi/lib/thumb/v6-m/nofp\libc_nano.a(libc_a-nano-svfprintf.o)
                0x08008ca4                _svfiprintf_r
                0x08008ca4                _svfprintf_r
 .text.__sfputc_r
                0x08008ea0       0x2a C:/ST/STM32CubeIDE_1.19.0/STM32CubeIDE/plugins/com.st.stm32cube.ide.mcu.externaltools.gnu-tools-for-stm32.13.3.rel1.win32_1.0.0.202411081344/tools/bin/../lib/gcc/arm-none-eabi/13.3.1/../../../../arm-none-eabi/lib/thumb/v6-m/nofp\libc_nano.a(libc_a-nano-vfprintf.o)
 .text.__sfputs_r
                0x08008eca       0x24 C:/ST/STM32CubeIDE_1.19.0/STM32CubeIDE/plugins/com.st.stm32cube.ide.mcu.externaltools.gnu-tools-for-stm32.13.3.rel1.win32_1.0.0.202411081344/tools/bin/../lib/gcc/arm-none-eabi/13.3.1/../../../../arm-none-eabi/lib/thumb/v6-m/nofp\libc_nano.a(libc_a-nano-vfprintf.o)
                0x08008eca                __sfputs_r
 *fill*         0x08008eee        0x2 
 .text._vfprintf_r
                0x08008ef0      0x238 C:/ST/STM32CubeIDE_1.19.0/STM32CubeIDE/plugins/com.st.stm32cube.ide.mcu.externaltools.gnu-tools-for-stm32.13.3.rel1.win32_1.0.0.202411081344/tools/bin/../lib/gcc/arm-none-eabi/13.3.1/../../../../arm-none-eabi/lib/thumb/v6-m/nofp\libc_nano.a(libc_a-nano-vfprintf.o)
                0x08008ef0                _vfprintf_r
                0x08008ef0                _vfiprintf_r
 .text._printf_common
                0x08009128       0xde C:/ST/STM32CubeIDE_1.19.0/STM32CubeIDE/plugins/com.st.stm32cube.ide.mcu.externaltools.gnu-tools-for-stm32.13.3.rel1.win32_1.0.0.202411081344/tools/bin/../lib/gcc/arm-none-eabi/13.3.1/../../../../arm-none-eabi/lib/thumb/v6-m/nofp\libc_nano.a(libc_a-nano-vfprintf_i.o)
                0x08009128                _printf_common
 *fill*         0x08009206        0x2 
 .text._printf_i
                0x08009208      0x218 C:/ST/STM32CubeIDE_1.19.0/STM32CubeIDE/plugins/com.st.stm32cube.ide.mcu.externaltools.gnu-tools-for-stm32.13.3.rel1.win32_1.0.0.202411081344/tools/bin/../lib/gcc/arm-none-eabi/13.3.1/../../../../arm-none-eabi/lib/thumb/v6-m/nofp\libc_nano.a(libc_a-nano-vfprintf_i.o)
                0x08009208                _printf_i
 .text.__sflush_r
                0x08009420      0x10c C:/ST/STM32CubeIDE_1.19.0/STM32CubeIDE/plugins/com.st.stm32cube.ide.mcu.externaltools.gnu-tools-for-stm32.13.3.rel1.win32_1.0.0.202411081344/tools/bin/../lib/gcc/arm-none-eabi/13.3.1/../../../../arm-none-eabi/lib/thumb/v6-m/nofp\libc_nano.a(libc_a-fflush.o)
                0x08009420                __sflush_r
 .text._fflush_r
                0x0800952c       0x56 C:/ST/STM32CubeIDE_1.19.0/STM32CubeIDE/plugins/com.st.stm32cube.ide.mcu.externaltools.gnu-tools-for-stm32.13.3.rel1.win32_1.0.0.202411081344/tools/bin/../lib/gcc/arm-none-eabi/13.3.1/../../../../arm-none-eabi/lib/thumb/v6-m/nofp\libc_nano.a(libc_a-fflush.o)
                0x0800952c                _fflush_r
 *fill*         0x08009582        0x2 
 .text.__swhatbuf_r
                0x08009584       0x54 C:/ST/STM32CubeIDE_1.19.0/STM32CubeIDE/plugins/com.st.stm32cube.ide.mcu.externaltools.gnu-tools-for-stm32.13.3.rel1.win32_1.0.0.202411081344/tools/bin/../lib/gcc/arm-none-eabi/13.3.1/../../../../arm-none-eabi/lib/thumb/v6-m/nofp\libc_nano.a(libc_a-makebuf.o)
                0x08009584                __swhatbuf_r
 .text.__smakebuf_r
                0x080095d8       0x82 C:/ST/STM32CubeIDE_1.19.0/STM32CubeIDE/plugins/com.st.stm32cube.ide.mcu.externaltools.gnu-tools-for-stm32.13.3.rel1.win32_1.0.0.202411081344/tools/bin/../lib/gcc/arm-none-eabi/13.3.1/../../../../arm-none-eabi/lib/thumb/v6-m/nofp\libc_nano.a(libc_a-makebuf.o)
                0x080095d8                __smakebuf_r
 .text.memmove  0x0800965a       0x24 C:/ST/STM32CubeIDE_1.19.0/STM32CubeIDE/plugins/com.st.stm32cube.ide.mcu.externaltools.gnu-tools-for-stm32.13.3.rel1.win32_1.0.0.202411081344/tools/bin/../lib/gcc/arm-none-eabi/13.3.1/../../../../arm-none-eabi/lib/thumb/v6-m/nofp\libc_nano.a(libc_a-memmove.o)
                0x0800965a                memmove
 *fill*         0x0800967e        0x2 
 .text._fstat_r
                0x08009680       0x24 C:/ST/STM32CubeIDE_1.19.0/STM32CubeIDE/plugins/com.st.stm32cube.ide.mcu.externaltools.gnu-tools-for-stm32.13.3.rel1.win32_1.0.0.202411081344/tools/bin/../lib/gcc/arm-none-eabi/13.3.1/../../../../arm-none-eabi/lib/thumb/v6-m/nofp\libc_nano.a(libc_a-fstatr.o)
                0x08009680                _fstat_r
 .text._isatty_r
                0x080096a4       0x24 C:/ST/STM32CubeIDE_1.19.0/STM32CubeIDE/plugins/com.st.stm32cube.ide.mcu.externaltools.gnu-tools-for-stm32.13.3.rel1.win32_1.0.0.202411081344/tools/bin/../lib/gcc/arm-none-eabi/13.3.1/../../../../arm-none-eabi/lib/thumb/v6-m/nofp\libc_nano.a(libc_a-isattyr.o)
                0x080096a4                _isatty_r
 .text._sbrk_r  0x080096c8       0x24 C:/ST/STM32CubeIDE_1.19.0/STM32CubeIDE/plugins/com.st.stm32cube.ide.mcu.externaltools.gnu-tools-for-stm32.13.3.rel1.win32_1.0.0.202411081344/tools/bin/../lib/gcc/arm-none-eabi/13.3.1/../../../../arm-none-eabi/lib/thumb/v6-m/nofp\libc_nano.a(libc_a-sbrkr.o)
                0x080096c8                _sbrk_r
 .text.memchr   0x080096ec       0x16 C:/ST/STM32CubeIDE_1.19.0/STM32CubeIDE/plugins/com.st.stm32cube.ide.mcu.externaltools.gnu-tools-for-stm32.13.3.rel1.win32_1.0.0.202411081344/tools/bin/../lib/gcc/arm-none-eabi/13.3.1/../../../../arm-none-eabi/lib/thumb/v6-m/nofp\libc_nano.a(libc_a-memchr-stub.o)
                0x080096ec                memchr
 .text._realloc_r
                0x08009702       0x60 C:/ST/STM32CubeIDE_1.19.0/STM32CubeIDE/plugins/com.st.stm32cube.ide.mcu.externaltools.gnu-tools-for-stm32.13.3.rel1.win32_1.0.0.202411081344/tools/bin/../lib/gcc/arm-none-eabi/13.3.1/../../../../arm-none-eabi/lib/thumb/v6-m/nofp\libc_nano.a(libc_a-reallocr.o)
                0x08009702                _realloc_r
 .text._malloc_usable_size_r
                0x08009762       0x10 C:/ST/STM32CubeIDE_1.19.0/STM32CubeIDE/plugins/com.st.stm32cube.ide.mcu.externaltools.gnu-tools-for-stm32.13.3.rel1.win32_1.0.0.202411081344/tools/bin/../lib/gcc/arm-none-eabi/13.3.1/../../../../arm-none-eabi/lib/thumb/v6-m/nofp\libc_nano.a(libc_a-msizer.o)
                0x08009762                _malloc_usable_size_r
 *(.glue_7)
 .glue_7        0x08009772        0x0 linker stubs
 *(.glue_7t)
 .glue_7t       0x08009772        0x0 linker stubs
 *(.eh_frame)
 *fill*         0x08009772        0x2 
 .eh_frame      0x08009774        0x0 C:/ST/STM32CubeIDE_1.19.0/STM32CubeIDE/plugins/com.st.stm32cube.ide.mcu.externaltools.gnu-tools-for-stm32.13.3.rel1.win32_1.0.0.202411081344/tools/bin/../lib/gcc/arm-none-eabi/13.3.1/thumb/v6-m/nofp/crtbegin.o
 *(.init)
 .init          0x08009774        0x4 C:/ST/STM32CubeIDE_1.19.0/STM32CubeIDE/plugins/com.st.stm32cube.ide.mcu.externaltools.gnu-tools-for-stm32.13.3.rel1.win32_1.0.0.202411081344/tools/bin/../lib/gcc/arm-none-eabi/13.3.1/thumb/v6-m/nofp/crti.o
                0x08009774                _init
 .init          0x08009778        0x8 C:/ST/STM32CubeIDE_1.19.0/STM32CubeIDE/plugins/com.st.stm32cube.ide.mcu.externaltools.gnu-tools-for-stm32.13.3.rel1.win32_1.0.0.202411081344/tools/bin/../lib/gcc/arm-none-eabi/13.3.1/thumb/v6-m/nofp/crtn.o
 *(.fini)
 .fini          0x08009780        0x4 C:/ST/STM32CubeIDE_1.19.0/STM32CubeIDE/plugins/com.st.stm32cube.ide.mcu.externaltools.gnu-tools-for-stm32.13.3.rel1.win32_1.0.0.202411081344/tools/bin/../lib/gcc/arm-none-eabi/13.3.1/thumb/v6-m/nofp/crti.o
                0x08009780                _fini
 .fini          0x08009784        0x8 C:/ST/STM32CubeIDE_1.19.0/STM32CubeIDE/plugins/com.st.stm32cube.ide.mcu.externaltools.gnu-tools-for-stm32.13.3.rel1.win32_1.0.0.202411081344/tools/bin/../lib/gcc/arm-none-eabi/13.3.1/thumb/v6-m/nofp/crtn.o
                0x0800978c                        . = ALIGN (0x4)
                0x0800978c                        _etext = .

.vfp11_veneer   0x0800978c        0x0
 .vfp11_veneer  0x0800978c        0x0 linker stubs

.v4_bx          0x0800978c        0x0
 .v4_bx         0x0800978c        0x0 linker stubs

.iplt           0x0800978c        0x0
 .iplt          0x0800978c        0x0 C:/ST/STM32CubeIDE_1.19.0/STM32CubeIDE/plugins/com.st.stm32cube.ide.mcu.externaltools.gnu-tools-for-stm32.13.3.rel1.win32_1.0.0.202411081344/tools/bin/../lib/gcc/arm-none-eabi/13.3.1/thumb/v6-m/nofp/crtbegin.o

.rodata         0x0800978c      0x508
                0x0800978c                        . = ALIGN (0x4)
 *(.rodata)
 .rodata        0x0800978c       0x5e ./Core/Src/command_manager.o
 *fill*         0x080097ea        0x2 
 .rodata        0x080097ec       0x47 ./Core/Src/input_manager.o
 *fill*         0x08009833        0x1 
 .rodata        0x08009834       0x1d ./Core/Src/main.o
 *fill*         0x08009851        0x3 
 .rodata        0x08009854       0x7d ./Core/Src/screen1.o
 *fill*         0x080098d1        0x3 
 .rodata        0x080098d4       0x68 ./Core/Src/screen2.o
 .rodata        0x0800993c       0xd8 ./Core/Src/uart_command_handler.o
 .rodata        0x08009a14        0x5 ./Middlewares/Third_Party/FreeRTOS/Source/tasks.o
 *fill*         0x08009a19        0x3 
 .rodata        0x08009a1c        0xd ./Middlewares/Third_Party/FreeRTOS/Source/timers.o
 *(.rodata*)
 *fill*         0x08009a29        0x3 
 .rodata.button_pins
                0x08009a2c        0xa ./Core/Src/button_manager.o
 *fill*         0x08009a36        0x2 
 .rodata.button_ids
                0x08009a38        0x5 ./Core/Src/button_manager.o
 *fill*         0x08009a3d        0x3 
 .rodata.GestureManager_attributes
                0x08009a40       0x24 ./Core/Src/main.o
                0x08009a40                GestureManager_attributes
 .rodata.InputManager_attributes
                0x08009a64       0x24 ./Core/Src/main.o
                0x08009a64                InputManager_attributes
 .rodata.handle_first_screen_input
                0x08009a88       0x18 ./Core/Src/screen1.o
 .rodata.cursor_actions
                0x08009aa0       0x48 ./Core/Src/screen1.o
                0x08009aa0                cursor_actions
 .rodata.cursor_positions
                0x08009ae8        0xc ./Core/Src/screen1.o
                0x08009ae8                cursor_positions
 .rodata.num_positions.1
                0x08009af4        0x1 ./Core/Src/screen2.o
 *fill*         0x08009af5        0x3 
 .rodata.cursor_positions.0
                0x08009af8        0x8 ./Core/Src/screen2.o
 .rodata.AHBPrescTable
                0x08009b00       0x10 ./Core/Src/system_stm32f0xx.o
                0x08009b00                AHBPrescTable
 .rodata.APBPrescTable
                0x08009b10        0x8 ./Core/Src/system_stm32f0xx.o
                0x08009b10                APBPrescTable
 .rodata.aPLLMULFactorTable.1
                0x08009b18       0x10 ./Drivers/STM32F0xx_HAL_Driver/Src/stm32f0xx_hal_rcc.o
 .rodata.aPredivFactorTable.0
                0x08009b28       0x10 ./Drivers/STM32F0xx_HAL_Driver/Src/stm32f0xx_hal_rcc.o
 .rodata.prvProcessReceivedCommands
                0x08009b38       0x28 ./Middlewares/Third_Party/FreeRTOS/Source/timers.o
 .rodata._ctype_
                0x08009b60      0x101 C:/ST/STM32CubeIDE_1.19.0/STM32CubeIDE/plugins/com.st.stm32cube.ide.mcu.externaltools.gnu-tools-for-stm32.13.3.rel1.win32_1.0.0.202411081344/tools/bin/../lib/gcc/arm-none-eabi/13.3.1/../../../../arm-none-eabi/lib/thumb/v6-m/nofp\libc_nano.a(libc_a-ctype_.o)
                0x08009b60                _ctype_
 .rodata._svfprintf_r.str1.1
                0x08009c61       0x33 C:/ST/STM32CubeIDE_1.19.0/STM32CubeIDE/plugins/com.st.stm32cube.ide.mcu.externaltools.gnu-tools-for-stm32.13.3.rel1.win32_1.0.0.202411081344/tools/bin/../lib/gcc/arm-none-eabi/13.3.1/../../../../arm-none-eabi/lib/thumb/v6-m/nofp\libc_nano.a(libc_a-nano-svfprintf.o)
                                 0x11 (size before relaxing)
 .rodata._vfprintf_r.str1.1
                0x08009c94       0x11 C:/ST/STM32CubeIDE_1.19.0/STM32CubeIDE/plugins/com.st.stm32cube.ide.mcu.externaltools.gnu-tools-for-stm32.13.3.rel1.win32_1.0.0.202411081344/tools/bin/../lib/gcc/arm-none-eabi/13.3.1/../../../../arm-none-eabi/lib/thumb/v6-m/nofp\libc_nano.a(libc_a-nano-vfprintf.o)
 .rodata._printf_i.str1.1
                0x08009c94       0x22 C:/ST/STM32CubeIDE_1.19.0/STM32CubeIDE/plugins/com.st.stm32cube.ide.mcu.externaltools.gnu-tools-for-stm32.13.3.rel1.win32_1.0.0.202411081344/tools/bin/../lib/gcc/arm-none-eabi/13.3.1/../../../../arm-none-eabi/lib/thumb/v6-m/nofp\libc_nano.a(libc_a-nano-vfprintf_i.o)
                0x08009cb8                        . = ALIGN (0x4)

.ARM.extab      0x08009c94        0x0
                0x08009c94                        . = ALIGN (0x4)
 *(.ARM.extab* .gnu.linkonce.armextab.*)
                0x08009c94                        . = ALIGN (0x4)

.ARM            0x08009c94        0x0
                0x08009c94                        . = ALIGN (0x4)
                0x08009c94                        __exidx_start = .
 *(.ARM.exidx*)
                0x08009c94                        __exidx_end = .
                0x08009c94                        . = ALIGN (0x4)

.preinit_array  0x08009c94        0x0
                0x08009c94                        . = ALIGN (0x4)
                0x08009c94                        PROVIDE (__preinit_array_start = .)
 *(.preinit_array*)
                0x08009c94                        PROVIDE (__preinit_array_end = .)
                0x08009c94                        . = ALIGN (0x4)

.init_array     0x08009c94        0x4
                0x08009c94                        . = ALIGN (0x4)
                0x08009c94                        PROVIDE (__init_array_start = .)
 *(SORT_BY_NAME(.init_array.*))
 *(.init_array*)
 .init_array    0x08009c94        0x4 C:/ST/STM32CubeIDE_1.19.0/STM32CubeIDE/plugins/com.st.stm32cube.ide.mcu.externaltools.gnu-tools-for-stm32.13.3.rel1.win32_1.0.0.202411081344/tools/bin/../lib/gcc/arm-none-eabi/13.3.1/thumb/v6-m/nofp/crtbegin.o
                0x08009c98                        PROVIDE (__init_array_end = .)
                0x08009c98                        . = ALIGN (0x4)

.fini_array     0x08009c98        0x4
                0x08009c98                        . = ALIGN (0x4)
                [!provide]                        PROVIDE (__fini_array_start = .)
 *(SORT_BY_NAME(.fini_array.*))
 *(.fini_array*)
 .fini_array    0x08009c98        0x4 C:/ST/STM32CubeIDE_1.19.0/STM32CubeIDE/plugins/com.st.stm32cube.ide.mcu.externaltools.gnu-tools-for-stm32.13.3.rel1.win32_1.0.0.202411081344/tools/bin/../lib/gcc/arm-none-eabi/13.3.1/thumb/v6-m/nofp/crtbegin.o
                [!provide]                        PROVIDE (__fini_array_end = .)
                0x08009c9c                        . = ALIGN (0x4)
                0x08009c9c                        _sidata = LOADADDR (.data)

.rel.dyn        0x08009c9c        0x0
 .rel.iplt      0x08009c9c        0x0 C:/ST/STM32CubeIDE_1.19.0/STM32CubeIDE/plugins/com.st.stm32cube.ide.mcu.externaltools.gnu-tools-for-stm32.13.3.rel1.win32_1.0.0.202411081344/tools/bin/../lib/gcc/arm-none-eabi/13.3.1/thumb/v6-m/nofp/crtbegin.o

.data           0x20000000       0x78 load address 0x08009c9c
                0x20000000                        . = ALIGN (0x4)
                0x20000000                        _sdata = .
 *(.data)
 *(.data*)
 .data.APDS9960_I2C_ADDR
                0x20000000        0x2 ./Core/Src/gesture.o
                0x20000000                APDS9960_I2C_ADDR
 .data.GESTURE_NONE
                0x20000002        0x1 ./Core/Src/gesture.o
                0x20000002                GESTURE_NONE
 .data.GESTURE_DOWN
                0x20000003        0x1 ./Core/Src/gesture.o
                0x20000003                GESTURE_DOWN
 .data.GESTURE_LEFT
                0x20000004        0x1 ./Core/Src/gesture.o
                0x20000004                GESTURE_LEFT
 .data.GESTURE_RIGHT
                0x20000005        0x1 ./Core/Src/gesture.o
                0x20000005                GESTURE_RIGHT
 .data.sensitivity
                0x20000006        0x1 ./Core/Src/gesture.o
                0x20000006                sensitivity
 .data.cursor_row
                0x20000007        0x1 ./Core/Src/globals.o
                0x20000007                cursor_row
 .data.intensity_value
                0x20000008        0x1 ./Core/Src/globals.o
                0x20000008                intensity_value
 .data.lamp_state
                0x20000009        0x1 ./Core/Src/globals.o
                0x20000009                lamp_state
 *fill*         0x2000000a        0x2 
 .data.SystemCoreClock
                0x2000000c        0x4 ./Core/Src/system_stm32f0xx.o
                0x2000000c                SystemCoreClock
 .data.uwTickPrio
                0x20000010        0x4 ./Drivers/STM32F0xx_HAL_Driver/Src/stm32f0xx_hal.o
                0x20000010                uwTickPrio
 .data.uwTickFreq
                0x20000014        0x1 ./Drivers/STM32F0xx_HAL_Driver/Src/stm32f0xx_hal.o
                0x20000014                uwTickFreq
 *fill*         0x20000015        0x3 
 .data.uxCriticalNesting
                0x20000018        0x4 ./Middlewares/Third_Party/FreeRTOS/Source/portable/GCC/ARM_CM0/port.o
 .data.__sglue  0x2000001c        0xc C:/ST/STM32CubeIDE_1.19.0/STM32CubeIDE/plugins/com.st.stm32cube.ide.mcu.externaltools.gnu-tools-for-stm32.13.3.rel1.win32_1.0.0.202411081344/tools/bin/../lib/gcc/arm-none-eabi/13.3.1/../../../../arm-none-eabi/lib/thumb/v6-m/nofp\libc_nano.a(libc_a-findfp.o)
                0x2000001c                __sglue
 .data._impure_ptr
                0x20000028        0x4 C:/ST/STM32CubeIDE_1.19.0/STM32CubeIDE/plugins/com.st.stm32cube.ide.mcu.externaltools.gnu-tools-for-stm32.13.3.rel1.win32_1.0.0.202411081344/tools/bin/../lib/gcc/arm-none-eabi/13.3.1/../../../../arm-none-eabi/lib/thumb/v6-m/nofp\libc_nano.a(libc_a-impure.o)
                0x20000028                _impure_ptr
 .data._impure_data
                0x2000002c       0x4c C:/ST/STM32CubeIDE_1.19.0/STM32CubeIDE/plugins/com.st.stm32cube.ide.mcu.externaltools.gnu-tools-for-stm32.13.3.rel1.win32_1.0.0.202411081344/tools/bin/../lib/gcc/arm-none-eabi/13.3.1/../../../../arm-none-eabi/lib/thumb/v6-m/nofp\libc_nano.a(libc_a-impure.o)
                0x2000002c                _impure_data
 *(.RamFunc)
 *(.RamFunc*)
                0x20000078                        . = ALIGN (0x4)
                0x20000078                        _edata = .

.igot.plt       0x20000078        0x0 load address 0x08009d14
 .igot.plt      0x20000078        0x0 C:/ST/STM32CubeIDE_1.19.0/STM32CubeIDE/plugins/com.st.stm32cube.ide.mcu.externaltools.gnu-tools-for-stm32.13.3.rel1.win32_1.0.0.202411081344/tools/bin/../lib/gcc/arm-none-eabi/13.3.1/thumb/v6-m/nofp/crtbegin.o
                0x20000078                        . = ALIGN (0x4)

.bss            0x20000078     0x183c load address 0x08009d14
                0x20000078                        _sbss = .
                0x20000078                        __bss_start__ = _sbss
 *(.bss)
 .bss           0x20000078       0x1c C:/ST/STM32CubeIDE_1.19.0/STM32CubeIDE/plugins/com.st.stm32cube.ide.mcu.externaltools.gnu-tools-for-stm32.13.3.rel1.win32_1.0.0.202411081344/tools/bin/../lib/gcc/arm-none-eabi/13.3.1/thumb/v6-m/nofp/crtbegin.o
 *(.bss*)
 .bss.button_states
                0x20000094       0x3c ./Core/Src/button_manager.o
                0x20000094                button_states
 .bss.event_callback
                0x200000d0        0x4 ./Core/Src/button_manager.o
 .bss.GESTURE_UP
                0x200000d4        0x1 ./Core/Src/gesture.o
                0x200000d4                GESTURE_UP
 .bss.gesture_enable
                0x200000d5        0x1 ./Core/Src/gesture.o
                0x200000d5                gesture_enable
 .bss.proximityEnabled
                0x200000d6        0x1 ./Core/Src/gesture.o
                0x200000d6                proximityEnabled
 .bss._detectedGesture
                0x200000d7        0x1 ./Core/Src/gesture.o
                0x200000d7                _detectedGesture
 .bss._gestureIn
                0x200000d8        0x1 ./Core/Src/gesture.o
                0x200000d8                _gestureIn
 *fill*         0x200000d9        0x3 
 .bss._gestureDirectionX
                0x200000dc        0x4 ./Core/Src/gesture.o
                0x200000dc                _gestureDirectionX
 .bss._gestureDirectionY
                0x200000e0        0x4 ./Core/Src/gesture.o
                0x200000e0                _gestureDirectionY
 .bss._gestureDirInX
                0x200000e4        0x4 ./Core/Src/gesture.o
                0x200000e4                _gestureDirInX
 .bss._gestureDirInY
                0x200000e8        0x4 ./Core/Src/gesture.o
                0x200000e8                _gestureDirInY
 .bss._gestureSensitivity
                0x200000ec        0x4 ./Core/Src/gesture.o
                0x200000ec                _gestureSensitivity
 .bss.qw        0x200000f0        0x1 ./Core/Src/gesture.o
                0x200000f0                qw
 .bss.u         0x200000f1        0x1 ./Core/Src/gesture.o
                0x200000f1                u
 .bss.d         0x200000f2        0x1 ./Core/Src/gesture.o
                0x200000f2                d
 .bss.l         0x200000f3        0x1 ./Core/Src/gesture.o
                0x200000f3                l
 .bss.r         0x200000f4        0x1 ./Core/Src/gesture.o
                0x200000f4                r
 .bss.newData   0x200000f5        0x1 ./Core/Src/gesture.o
                0x200000f5                newData
 .bss.cursor_col
                0x200000f6        0x1 ./Core/Src/globals.o
                0x200000f6                cursor_col
 .bss.color_state
                0x200000f7        0x1 ./Core/Src/globals.o
                0x200000f7                color_state
 .bss.sensor_state
                0x200000f8        0x1 ./Core/Src/globals.o
                0x200000f8                sensor_state
 .bss.endo_state
                0x200000f9        0x1 ./Core/Src/globals.o
                0x200000f9                endo_state
 .bss.depth_state
                0x200000fa        0x1 ./Core/Src/globals.o
                0x200000fa                depth_state
 .bss.prev_cursor_row
                0x200000fb        0x1 ./Core/Src/globals.o
                0x200000fb                prev_cursor_row
 .bss.prev_cursor_col
                0x200000fc        0x1 ./Core/Src/globals.o
                0x200000fc                prev_cursor_col
 .bss.screen_state
                0x200000fd        0x1 ./Core/Src/globals.o
                0x200000fd                screen_state
 .bss.focus_state
                0x200000fe        0x1 ./Core/Src/globals.o
                0x200000fe                focus_state
 .bss.cam_state
                0x200000ff        0x1 ./Core/Src/globals.o
                0x200000ff                cam_state
 .bss.option_states
                0x20000100        0x3 ./Core/Src/globals.o
                0x20000100                option_states
 *fill*         0x20000103        0x1 
 .bss.system_start_time
                0x20000104        0x4 ./Core/Src/globals.o
                0x20000104                system_start_time
 .bss.inputQueue
                0x20000108        0x6 ./Core/Src/input_manager.o
 .bss.que_status
                0x2000010e        0x1 ./Core/Src/input_manager.o
                0x2000010e                que_status
 *fill*         0x2000010f        0x1 
 .bss.hi2c1     0x20000110       0x54 ./Core/Src/main.o
                0x20000110                hi2c1
 .bss.huart1    0x20000164       0x88 ./Core/Src/main.o
                0x20000164                huart1
 .bss.GestureManagerHandle
                0x200001ec        0x4 ./Core/Src/main.o
                0x200001ec                GestureManagerHandle
 .bss.InputManagerHandle
                0x200001f0        0x4 ./Core/Src/main.o
                0x200001f0                InputManagerHandle
 .bss.ges_type  0x200001f4        0x1 ./Core/Src/main.o
                0x200001f4                ges_type
 .bss.mylastgesture
                0x200001f5        0x1 ./Core/Src/main.o
                0x200001f5                mylastgesture
 .bss.current_position
                0x200001f6        0x1 ./Core/Src/screen1.o
                0x200001f6                current_position
 .bss.current_position
                0x200001f7        0x1 ./Core/Src/screen2.o
 .bss.__sbrk_heap_end
                0x200001f8        0x4 ./Core/Src/sysmem.o
 .bss.UART2_rxBuffer
                0x200001fc        0x1 ./Core/Src/uart.o
 *fill*         0x200001fd        0x3 
 .bss.packetBuffer
                0x20000200        0xa ./Core/Src/uart.o
                0x20000200                packetBuffer
 .bss.packetIndex
                0x2000020a        0x1 ./Core/Src/uart.o
 .bss.packetStarted
                0x2000020b        0x1 ./Core/Src/uart.o
 .bss.dataReady
                0x2000020c        0x1 ./Core/Src/uart.o
                0x2000020c                dataReady
 *fill*         0x2000020d        0x3 
 .bss.huart_instance
                0x20000210        0x4 ./Core/Src/uart.o
 .bss.temp_buff
                0x20000214        0xa ./Core/Src/uart_command_handler.o
                0x20000214                temp_buff
 *fill*         0x2000021e        0x2 
 .bss.intensity_str
                0x20000220        0x4 ./Core/Src/uart_command_handler.o
                0x20000220                intensity_str
 .bss.uwTick    0x20000224        0x4 ./Drivers/STM32F0xx_HAL_Driver/Src/stm32f0xx_hal.o
                0x20000224                uwTick
 .bss.KernelState
                0x20000228        0x4 ./Middlewares/Third_Party/FreeRTOS/Source/CMSIS_RTOS_V2/cmsis_os2.o
 .bss.Idle_TCB  0x2000022c       0x5c ./Middlewares/Third_Party/FreeRTOS/Source/CMSIS_RTOS_V2/cmsis_os2.o
 .bss.Idle_Stack
                0x20000288      0x200 ./Middlewares/Third_Party/FreeRTOS/Source/CMSIS_RTOS_V2/cmsis_os2.o
 .bss.Timer_TCB
                0x20000488       0x5c ./Middlewares/Third_Party/FreeRTOS/Source/CMSIS_RTOS_V2/cmsis_os2.o
 .bss.Timer_Stack
                0x200004e4      0x400 ./Middlewares/Third_Party/FreeRTOS/Source/CMSIS_RTOS_V2/cmsis_os2.o
 .bss.xQueueRegistry
                0x200008e4       0x40 ./Middlewares/Third_Party/FreeRTOS/Source/queue.o
                0x200008e4                xQueueRegistry
 .bss.pxCurrentTCB
                0x20000924        0x4 ./Middlewares/Third_Party/FreeRTOS/Source/tasks.o
                0x20000924                pxCurrentTCB
 .bss.pxReadyTasksLists
                0x20000928      0x460 ./Middlewares/Third_Party/FreeRTOS/Source/tasks.o
 .bss.xDelayedTaskList1
                0x20000d88       0x14 ./Middlewares/Third_Party/FreeRTOS/Source/tasks.o
 .bss.xDelayedTaskList2
                0x20000d9c       0x14 ./Middlewares/Third_Party/FreeRTOS/Source/tasks.o
 .bss.pxDelayedTaskList
                0x20000db0        0x4 ./Middlewares/Third_Party/FreeRTOS/Source/tasks.o
 .bss.pxOverflowDelayedTaskList
                0x20000db4        0x4 ./Middlewares/Third_Party/FreeRTOS/Source/tasks.o
 .bss.xPendingReadyList
                0x20000db8       0x14 ./Middlewares/Third_Party/FreeRTOS/Source/tasks.o
 .bss.xTasksWaitingTermination
                0x20000dcc       0x14 ./Middlewares/Third_Party/FreeRTOS/Source/tasks.o
 .bss.uxDeletedTasksWaitingCleanUp
                0x20000de0        0x4 ./Middlewares/Third_Party/FreeRTOS/Source/tasks.o
 .bss.xSuspendedTaskList
                0x20000de4       0x14 ./Middlewares/Third_Party/FreeRTOS/Source/tasks.o
 .bss.uxCurrentNumberOfTasks
                0x20000df8        0x4 ./Middlewares/Third_Party/FreeRTOS/Source/tasks.o
 .bss.xTickCount
                0x20000dfc        0x4 ./Middlewares/Third_Party/FreeRTOS/Source/tasks.o
 .bss.uxTopReadyPriority
                0x20000e00        0x4 ./Middlewares/Third_Party/FreeRTOS/Source/tasks.o
 .bss.xSchedulerRunning
                0x20000e04        0x4 ./Middlewares/Third_Party/FreeRTOS/Source/tasks.o
 .bss.uxPendedTicks
                0x20000e08        0x4 ./Middlewares/Third_Party/FreeRTOS/Source/tasks.o
 .bss.xYieldPending
                0x20000e0c        0x4 ./Middlewares/Third_Party/FreeRTOS/Source/tasks.o
 .bss.xNumOfOverflows
                0x20000e10        0x4 ./Middlewares/Third_Party/FreeRTOS/Source/tasks.o
 .bss.uxTaskNumber
                0x20000e14        0x4 ./Middlewares/Third_Party/FreeRTOS/Source/tasks.o
 .bss.xNextTaskUnblockTime
                0x20000e18        0x4 ./Middlewares/Third_Party/FreeRTOS/Source/tasks.o
 .bss.xIdleTaskHandle
                0x20000e1c        0x4 ./Middlewares/Third_Party/FreeRTOS/Source/tasks.o
 .bss.uxSchedulerSuspended
                0x20000e20        0x4 ./Middlewares/Third_Party/FreeRTOS/Source/tasks.o
 .bss.xActiveTimerList1
                0x20000e24       0x14 ./Middlewares/Third_Party/FreeRTOS/Source/timers.o
 .bss.xActiveTimerList2
                0x20000e38       0x14 ./Middlewares/Third_Party/FreeRTOS/Source/timers.o
 .bss.pxCurrentTimerList
                0x20000e4c        0x4 ./Middlewares/Third_Party/FreeRTOS/Source/timers.o
 .bss.pxOverflowTimerList
                0x20000e50        0x4 ./Middlewares/Third_Party/FreeRTOS/Source/timers.o
 .bss.xTimerQueue
                0x20000e54        0x4 ./Middlewares/Third_Party/FreeRTOS/Source/timers.o
 .bss.xTimerTaskHandle
                0x20000e58        0x4 ./Middlewares/Third_Party/FreeRTOS/Source/timers.o
 .bss.xLastTime.2
                0x20000e5c        0x4 ./Middlewares/Third_Party/FreeRTOS/Source/timers.o
 .bss.ucStaticTimerQueueStorage.1
                0x20000e60       0xa0 ./Middlewares/Third_Party/FreeRTOS/Source/timers.o
 .bss.xStaticTimerQueue.0
                0x20000f00       0x50 ./Middlewares/Third_Party/FreeRTOS/Source/timers.o
 .bss.ucHeap    0x20000f50      0x800 ./Middlewares/Third_Party/FreeRTOS/Source/portable/MemMang/heap_4.o
 .bss.xStart    0x20001750        0x8 ./Middlewares/Third_Party/FreeRTOS/Source/portable/MemMang/heap_4.o
 .bss.pxEnd     0x20001758        0x4 ./Middlewares/Third_Party/FreeRTOS/Source/portable/MemMang/heap_4.o
 .bss.xFreeBytesRemaining
                0x2000175c        0x4 ./Middlewares/Third_Party/FreeRTOS/Source/portable/MemMang/heap_4.o
 .bss.xMinimumEverFreeBytesRemaining
                0x20001760        0x4 ./Middlewares/Third_Party/FreeRTOS/Source/portable/MemMang/heap_4.o
 .bss.xBlockAllocatedBit
                0x20001764        0x4 ./Middlewares/Third_Party/FreeRTOS/Source/portable/MemMang/heap_4.o
 .bss.__sf      0x20001768      0x138 C:/ST/STM32CubeIDE_1.19.0/STM32CubeIDE/plugins/com.st.stm32cube.ide.mcu.externaltools.gnu-tools-for-stm32.13.3.rel1.win32_1.0.0.202411081344/tools/bin/../lib/gcc/arm-none-eabi/13.3.1/../../../../arm-none-eabi/lib/thumb/v6-m/nofp\libc_nano.a(libc_a-findfp.o)
                0x20001768                __sf
 .bss.__stdio_exit_handler
                0x200018a0        0x4 C:/ST/STM32CubeIDE_1.19.0/STM32CubeIDE/plugins/com.st.stm32cube.ide.mcu.externaltools.gnu-tools-for-stm32.13.3.rel1.win32_1.0.0.202411081344/tools/bin/../lib/gcc/arm-none-eabi/13.3.1/../../../../arm-none-eabi/lib/thumb/v6-m/nofp\libc_nano.a(libc_a-findfp.o)
                0x200018a0                __stdio_exit_handler
 .bss.errno     0x200018a4        0x4 C:/ST/STM32CubeIDE_1.19.0/STM32CubeIDE/plugins/com.st.stm32cube.ide.mcu.externaltools.gnu-tools-for-stm32.13.3.rel1.win32_1.0.0.202411081344/tools/bin/../lib/gcc/arm-none-eabi/13.3.1/../../../../arm-none-eabi/lib/thumb/v6-m/nofp\libc_nano.a(libc_a-reent.o)
                0x200018a4                errno
 .bss.__lock___malloc_recursive_mutex
                0x200018a8        0x1 C:/ST/STM32CubeIDE_1.19.0/STM32CubeIDE/plugins/com.st.stm32cube.ide.mcu.externaltools.gnu-tools-for-stm32.13.3.rel1.win32_1.0.0.202411081344/tools/bin/../lib/gcc/arm-none-eabi/13.3.1/../../../../arm-none-eabi/lib/thumb/v6-m/nofp\libc_nano.a(libc_a-lock.o)
                0x200018a8                __lock___malloc_recursive_mutex
 .bss.__lock___sfp_recursive_mutex
                0x200018a9        0x1 C:/ST/STM32CubeIDE_1.19.0/STM32CubeIDE/plugins/com.st.stm32cube.ide.mcu.externaltools.gnu-tools-for-stm32.13.3.rel1.win32_1.0.0.202411081344/tools/bin/../lib/gcc/arm-none-eabi/13.3.1/../../../../arm-none-eabi/lib/thumb/v6-m/nofp\libc_nano.a(libc_a-lock.o)
                0x200018a9                __lock___sfp_recursive_mutex
 *fill*         0x200018aa        0x2 
 .bss.__malloc_sbrk_start
                0x200018ac        0x4 C:/ST/STM32CubeIDE_1.19.0/STM32CubeIDE/plugins/com.st.stm32cube.ide.mcu.externaltools.gnu-tools-for-stm32.13.3.rel1.win32_1.0.0.202411081344/tools/bin/../lib/gcc/arm-none-eabi/13.3.1/../../../../arm-none-eabi/lib/thumb/v6-m/nofp\libc_nano.a(libc_a-mallocr.o)
                0x200018ac                __malloc_sbrk_start
 .bss.__malloc_free_list
                0x200018b0        0x4 C:/ST/STM32CubeIDE_1.19.0/STM32CubeIDE/plugins/com.st.stm32cube.ide.mcu.externaltools.gnu-tools-for-stm32.13.3.rel1.win32_1.0.0.202411081344/tools/bin/../lib/gcc/arm-none-eabi/13.3.1/../../../../arm-none-eabi/lib/thumb/v6-m/nofp\libc_nano.a(libc_a-mallocr.o)
                0x200018b0                __malloc_free_list
 *(COMMON)
                0x200018b4                        . = ALIGN (0x4)
                0x200018b4                        _ebss = .
                0x200018b4                        __bss_end__ = _ebss

._user_heap_stack
                0x200018b4      0x604 load address 0x08009d14
                0x200018b8                        . = ALIGN (0x8)
 *fill*         0x200018b4        0x4 
                [!provide]                        PROVIDE (end = .)
                0x200018b8                        PROVIDE (_end = .)
                0x20001ab8                        . = (. + _Min_Heap_Size)
 *fill*         0x200018b8      0x200 
                0x20001eb8                        . = (. + _Min_Stack_Size)
 *fill*         0x20001ab8      0x400 
                0x20001eb8                        . = ALIGN (0x8)

/DISCARD/
 libc.a(*)
 libm.a(*)
 libgcc.a(*)

.ARM.attributes
                0x00000000       0x28
 *(.ARM.attributes)
 .ARM.attributes
                0x00000000       0x1e C:/ST/STM32CubeIDE_1.19.0/STM32CubeIDE/plugins/com.st.stm32cube.ide.mcu.externaltools.gnu-tools-for-stm32.13.3.rel1.win32_1.0.0.202411081344/tools/bin/../lib/gcc/arm-none-eabi/13.3.1/thumb/v6-m/nofp/crti.o
 .ARM.attributes
                0x0000001e       0x2c C:/ST/STM32CubeIDE_1.19.0/STM32CubeIDE/plugins/com.st.stm32cube.ide.mcu.externaltools.gnu-tools-for-stm32.13.3.rel1.win32_1.0.0.202411081344/tools/bin/../lib/gcc/arm-none-eabi/13.3.1/thumb/v6-m/nofp/crtbegin.o
 .ARM.attributes
                0x0000004a       0x2c ./Core/Src/button_manager.o
 .ARM.attributes
                0x00000076       0x2c ./Core/Src/command_manager.o
 .ARM.attributes
                0x000000a2       0x2c ./Core/Src/gesture.o
 .ARM.attributes
                0x000000ce       0x2c ./Core/Src/globals.o
 .ARM.attributes
                0x000000fa       0x2c ./Core/Src/input_manager.o
 .ARM.attributes
                0x00000126       0x2c ./Core/Src/lcd.o
 .ARM.attributes
                0x00000152       0x2c ./Core/Src/main.o
 .ARM.attributes