../Core/Src/command_manager.c:8:6:CommandManager_Init	8	static
../Core/Src/command_manager.c:13:6:send_command	16	static
../Core/Src/command_manager.c:22:6:send_intensity_command	24	static
../Core/Src/command_manager.c:36:6:send_color_command	24	static
../Core/Src/command_manager.c:49:6:send_lamp_command	32	static
../Core/Src/command_manager.c:55:6:send_endo_command	32	static
../Core/Src/command_manager.c:61:6:send_cam_command	32	static
../Core/Src/command_manager.c:67:6:send_depth_command	32	static
../Core/Src/command_manager.c:75:6:send_focus_command	48	static
